Component: ARM Compiler 6.13.1 Tool: armlink [5d895400]

==============================================================================

Section Cross References

    startup_stm32f107xc.o(RESET) refers to startup_stm32f107xc.o(STACK) for __initial_sp
    startup_stm32f107xc.o(RESET) refers to startup_stm32f107xc.o(.text) for Reset_Handler
    startup_stm32f107xc.o(RESET) refers to stm32f1xx_it.o(.text.NMI_Handler) for NMI_Handler
    startup_stm32f107xc.o(RESET) refers to stm32f1xx_it.o(.text.HardFault_Handler) for HardFault_Handler
    startup_stm32f107xc.o(RESET) refers to stm32f1xx_it.o(.text.MemManage_Handler) for MemManage_Handler
    startup_stm32f107xc.o(RESET) refers to stm32f1xx_it.o(.text.BusFault_Handler) for BusFault_Handler
    startup_stm32f107xc.o(RESET) refers to stm32f1xx_it.o(.text.UsageFault_Handler) for UsageFault_Handler
    startup_stm32f107xc.o(RESET) refers to stm32f1xx_it.o(.text.SVC_Handler) for SVC_Handler
    startup_stm32f107xc.o(RESET) refers to stm32f1xx_it.o(.text.DebugMon_Handler) for DebugMon_Handler
    startup_stm32f107xc.o(RESET) refers to stm32f1xx_it.o(.text.PendSV_Handler) for PendSV_Handler
    startup_stm32f107xc.o(RESET) refers to stm32f1xx_it.o(.text.SysTick_Handler) for SysTick_Handler
    startup_stm32f107xc.o(RESET) refers to stm32f1xx_it.o(.text.TIM6_IRQHandler) for TIM6_IRQHandler
    startup_stm32f107xc.o(RESET) refers to stm32f1xx_it.o(.text.TIM7_IRQHandler) for TIM7_IRQHandler
    startup_stm32f107xc.o(RESET) refers to stm32f1xx_it.o(.text.OTG_FS_IRQHandler) for OTG_FS_IRQHandler
    startup_stm32f107xc.o(.text) refers to system_stm32f1xx.o(.text.SystemInit) for SystemInit
    startup_stm32f107xc.o(.text) refers to entry.o(.ARM.Collect$$$$00000000) for __main
    main.o(.text.HAL_TIM_PeriodElapsedCallback) refers to main.o(.bss.HAL_TIM_PeriodElapsedCallback.timer) for HAL_TIM_PeriodElapsedCallback.timer
    main.o(.text.HAL_TIM_PeriodElapsedCallback) refers to main.o(.bss.u_main) for u_main
    main.o(.ARM.exidx.text.HAL_TIM_PeriodElapsedCallback) refers to main.o(.text.HAL_TIM_PeriodElapsedCallback) for [Anonymous Symbol]
    main.o(.text.main) refers to stm32f1xx_hal.o(.text.HAL_Init) for HAL_Init
    main.o(.text.main) refers to main.o(.text.SystemClock_Config) for SystemClock_Config
    main.o(.text.main) refers to gpio.o(.text.MX_GPIO_Init) for MX_GPIO_Init
    main.o(.text.main) refers to adc.o(.text.MX_ADC1_Init) for MX_ADC1_Init
    main.o(.text.main) refers to usart.o(.text.MX_USART2_UART_Init) for MX_USART2_UART_Init
    main.o(.text.main) refers to tim.o(.text.MX_TIM7_Init) for MX_TIM7_Init
    main.o(.text.main) refers to usb_device.o(.text.MX_USB_DEVICE_Init) for MX_USB_DEVICE_Init
    main.o(.text.main) refers to tim.o(.text.MX_TIM6_Init) for MX_TIM6_Init
    main.o(.text.main) refers to eventrecorder.o(.text.EventRecorderInitialize) for EventRecorderInitialize
    main.o(.text.main) refers to eventrecorder.o(.text.EventRecorderStart) for EventRecorderStart
    main.o(.text.main) refers to main.o(.text.user_button_init) for user_button_init
    main.o(.text.main) refers to tim.o(.bss.htim7) for htim7
    main.o(.text.main) refers to stm32f1xx_hal_tim.o(.text.HAL_TIM_Base_Start_IT) for HAL_TIM_Base_Start_IT
    main.o(.text.main) refers to tim.o(.bss.htim6) for htim6
    main.o(.text.main) refers to main.o(.rodata.str1.1) for .L.str
    main.o(.text.main) refers to printfa.o(i.__0printf) for printf
    main.o(.text.main) refers to main.o(.bss.u_main) for u_main
    main.o(.text.main) refers to flexible_button.o(.text.flex_button_scan) for flex_button_scan
    main.o(.ARM.exidx.text.main) refers to main.o(.text.main) for [Anonymous Symbol]
    main.o(.text.SystemClock_Config) refers to memseta.o(.text) for __aeabi_memclr4
    main.o(.text.SystemClock_Config) refers to stm32f1xx_hal_rcc.o(.text.HAL_RCC_OscConfig) for HAL_RCC_OscConfig
    main.o(.text.SystemClock_Config) refers to main.o(.text.Error_Handler) for Error_Handler
    main.o(.text.SystemClock_Config) refers to stm32f1xx_hal_rcc.o(.text.HAL_RCC_ClockConfig) for HAL_RCC_ClockConfig
    main.o(.text.SystemClock_Config) refers to stm32f1xx_hal_rcc_ex.o(.text.HAL_RCCEx_PeriphCLKConfig) for HAL_RCCEx_PeriphCLKConfig
    main.o(.ARM.exidx.text.SystemClock_Config) refers to main.o(.text.SystemClock_Config) for [Anonymous Symbol]
    main.o(.text.user_button_init) refers to main.o(.bss.user_button) for user_button
    main.o(.text.user_button_init) refers to main.o(.text.common_btn_read) for common_btn_read
    main.o(.text.user_button_init) refers to main.o(.text.common_btn_evt_cb) for common_btn_evt_cb
    main.o(.text.user_button_init) refers to flexible_button.o(.text.flex_button_register) for flex_button_register
    main.o(.ARM.exidx.text.user_button_init) refers to main.o(.text.user_button_init) for [Anonymous Symbol]
    main.o(.ARM.exidx.text.Error_Handler) refers to main.o(.text.Error_Handler) for [Anonymous Symbol]
[...]
    [Anonymous Symbol]                       0x0800787c   Section        0  stm32f1xx_ll_usb.o(.text.USB_SetTurnaroundTime)
    [Anonymous Symbol]                       0x08007a28   Section        0  stm32f1xx_ll_usb.o(.text.USB_WritePacket)
    UnlockRecord                             0x08007a89   Thumb Code    50  eventrecorder.o(.text.UnlockRecord)
    [Anonymous Symbol]                       0x08007a88   Section        0  eventrecorder.o(.text.UnlockRecord)
    UpdateTS                                 0x08007abd   Thumb Code    26  eventrecorder.o(.text.UpdateTS)
    [Anonymous Symbol]                       0x08007abc   Section        0  eventrecorder.o(.text.UpdateTS)
    [Anonymous Symbol]                       0x08007ad8   Section        0  stm32f1xx_it.o(.text.UsageFault_Handler)
    __NVIC_EnableIRQ                         0x08007add   Thumb Code    52  stm32f1xx_hal_cortex.o(.text.__NVIC_EnableIRQ)
    [Anonymous Symbol]                       0x08007adc   Section        0  stm32f1xx_hal_cortex.o(.text.__NVIC_EnableIRQ)
    __NVIC_GetPriorityGrouping               0x08007b11   Thumb Code    16  stm32f1xx_hal_cortex.o(.text.__NVIC_GetPriorityGrouping)
    [Anonymous Symbol]                       0x08007b10   Section        0  stm32f1xx_hal_cortex.o(.text.__NVIC_GetPriorityGrouping)
    __NVIC_SetPriority                       0x08007b21   Thumb Code    68  stm32f1xx_hal_cortex.o(.text.__NVIC_SetPriority)
    [Anonymous Symbol]                       0x08007b20   Section        0  stm32f1xx_hal_cortex.o(.text.__NVIC_SetPriority)
    __NVIC_SetPriorityGrouping               0x08007b65   Thumb Code    60  stm32f1xx_hal_cortex.o(.text.__NVIC_SetPriorityGrouping)
    [Anonymous Symbol]                       0x08007b64   Section        0  stm32f1xx_hal_cortex.o(.text.__NVIC_SetPriorityGrouping)
    atomic_inc32                             0x08007ba1   Thumb Code    32  eventrecorder.o(.text.atomic_inc32)
    [Anonymous Symbol]                       0x08007ba0   Section        0  eventrecorder.o(.text.atomic_inc32)
    atomic_inc8                              0x08007bc1   Thumb Code    36  eventrecorder.o(.text.atomic_inc8)
    [Anonymous Symbol]                       0x08007bc0   Section        0  eventrecorder.o(.text.atomic_inc8)
    atomic_xch32                             0x08007be5   Thumb Code    32  eventrecorder.o(.text.atomic_xch32)
    [Anonymous Symbol]                       0x08007be4   Section        0  eventrecorder.o(.text.atomic_xch32)
    common_btn_evt_cb                        0x08007c05   Thumb Code   344  main.o(.text.common_btn_evt_cb)
    [Anonymous Symbol]                       0x08007c04   Section        0  main.o(.text.common_btn_evt_cb)
    common_btn_read                          0x08007d5d   Thumb Code   122  main.o(.text.common_btn_read)
    [Anonymous Symbol]                       0x08007d5c   Section        0  main.o(.text.common_btn_read)
    crc16_ccitt                              0x08007dd9   Thumb Code   134  eventrecorder.o(.text.crc16_ccitt)
    [Anonymous Symbol]                       0x08007dd8   Section        0  eventrecorder.o(.text.crc16_ccitt)
    [Anonymous Symbol]                       0x08007e60   Section        0  flexible_button.o(.text.flex_button_event_read)
    flex_button_process                      0x08007e6d   Thumb Code   784  flexible_button.o(.text.flex_button_process)
    [Anonymous Symbol]                       0x08007e6c   Section        0  flexible_button.o(.text.flex_button_process)
    flex_button_read                         0x0800817d   Thumb Code   148  flexible_button.o(.text.flex_button_read)
    [Anonymous Symbol]                       0x0800817c   Section        0  flexible_button.o(.text.flex_button_read)
    [Anonymous Symbol]                       0x08008210   Section        0  flexible_button.o(.text.flex_button_register)
    [Anonymous Symbol]                       0x080082c4   Section        0  flexible_button.o(.text.flex_button_scan)
    [Anonymous Symbol]                       0x080082d0   Section        0  retarget_io.o(.text.fputc)
    [Anonymous Symbol]                       0x08008300   Section        0  main.o(.text.main)
    stdout_putchar                           0x08008391   Thumb Code   126  retarget_io.o(.text.stdout_putchar)
    [Anonymous Symbol]                       0x08008390   Section        0  retarget_io.o(.text.stdout_putchar)
    user_button_init                         0x08008411   Thumb Code   164  main.o(.text.user_button_init)
    [Anonymous Symbol]                       0x08008410   Section        0  main.o(.text.user_button_init)
    i.__0printf                              0x080084b4   Section        0  printfa.o(i.__0printf)
    i.__scatterload_copy                     0x080084d4   Section       14  handlers.o(i.__scatterload_copy)
    i.__scatterload_null                     0x080084e2   Section        2  handlers.o(i.__scatterload_null)
    i.__scatterload_zeroinit                 0x080084e4   Section       14  handlers.o(i.__scatterload_zeroinit)
    _fp_digits                               0x080084f5   Thumb Code   366  printfa.o(i._fp_digits)
    i._fp_digits                             0x080084f4   Section        0  printfa.o(i._fp_digits)
    _printf_core                             0x08008679   Thumb Code  1744  printfa.o(i._printf_core)
    i._printf_core                           0x08008678   Section        0  printfa.o(i._printf_core)
    _printf_post_padding                     0x08008d55   Thumb Code    36  printfa.o(i._printf_post_padding)
    i._printf_post_padding                   0x08008d54   Section        0  printfa.o(i._printf_post_padding)
    _printf_pre_padding                      0x08008d79   Thumb Code    46  printfa.o(i._printf_pre_padding)
    i._printf_pre_padding                    0x08008d78   Section        0  printfa.o(i._printf_pre_padding)
    __tagsym$$used.0                         0x08008dc0   Number         0  eventrecorder.o(.rodata.EventRecorderInfo)
    .L.str                                   0x08008dd8   Data          13  main.o(.rodata.str1.1)
    [Anonymous Symbol]                       0x08008dd8   Section        0  main.o(.rodata.str1.1)
    .L.str.3                                 0x08008de5   Data          34  main.o(.rodata.str1.1)
    .L.str.6                                 0x08008e07   Data          34  main.o(.rodata.str1.1)
    .L.str.9                                 0x08008e29   Data          34  main.o(.rodata.str1.1)
    .L.str.2                                 0x08008e4b   Data          27  main.o(.rodata.str1.1)
    .L.str.5                                 0x08008e66   Data          27  main.o(.rodata.str1.1)
    .L.str.8                                 0x08008e81   Data          27  main.o(.rodata.str1.1)
    .L.str.4                                 0x08008e9c   Data          32  main.o(.rodata.str1.1)
    .L.str.7                                 0x08008ebc   Data          32  main.o(.rodata.str1.1)
    .L.str.10                                0x08008edc   Data          32  main.o(.rodata.str1.1)
    .L.str.1                                 0x08008efc   Data          38  main.o(.rodata.str1.1)
    .L.str.3                                 0x08008f22   Data          14  usbd_desc.o(.rodata.str1.1)
    [Anonymous Symbol]                       0x08008f22   Section        0  usbd_desc.o(.rodata.str1.1)
    .L.str.2                                 0x08008f30   Data          11  usbd_desc.o(.rodata.str1.1)
    .L.str.1                                 0x08008f3b   Data          19  usbd_desc.o(.rodata.str1.1)
    .L.str                                   0x08008f4e   Data          22  usbd_desc.o(.rodata.str1.1)
    .data                                    0x20000000   Section        4  stdout.o(.data)
    USBD_CDC_DeviceQualifierDesc             0x200000e4   Data          10  usbd_cdc.o(.data.USBD_CDC_DeviceQualifierDesc)
    [Anonymous Symbol]                       0x200000e4   Section        0  usbd_cdc.o(.data.USBD_CDC_DeviceQualifierDesc)
    HAL_TIM_PeriodElapsedCallback.timer      0x20000180   Data           1  main.o(.bss.HAL_TIM_PeriodElapsedCallback.timer)
    [Anonymous Symbol]                       0x20000180   Section        0  main.o(.bss.HAL_TIM_PeriodElapsedCallback.timer)
    USBD_SetConfig.cfgidx                    0x20000181   Data           1  usbd_ctlreq.o(.bss.USBD_SetConfig.cfgidx)
    [Anonymous Symbol]                       0x20000181   Section        0  usbd_ctlreq.o(.bss.USBD_SetConfig.cfgidx)
    USBD_static_malloc.mem                   0x20000384   Data         544  usbd_conf.o(.bss.USBD_static_malloc.mem)
    [Anonymous Symbol]                       0x20000384   Section        0  usbd_conf.o(.bss.USBD_static_malloc.mem)
    btn_head                                 0x20000d74   Data           4  flexible_button.o(.bss.btn_head)
    [Anonymous Symbol]                       0x20000d74   Section        0  flexible_button.o(.bss.btn_head)
    button_cnt                               0x20000d78   Data           1  flexible_button.o(.bss.button_cnt)
    [Anonymous Symbol]                       0x20000d78   Section        0  flexible_button.o(.bss.button_cnt)
    EventBuffer                              0x20001540   Data        1024  eventrecorder.o(.bss.noinit)
    [Anonymous Symbol]                       0x20001540   Section        0  eventrecorder.o(.bss.noinit)
    EventFilter                              0x20001940   Data         128  eventrecorder.o(.bss.noinit)
    EventStatus                              0x200019c0   Data          36  eventrecorder.o(.bss.noinit)
    stdout_putchar.buffer                    0x200019e4   Data           8  retarget_io.o(.bss.stdout_putchar.buffer)
    [Anonymous Symbol]                       0x200019e4   Section        0  retarget_io.o(.bss.stdout_putchar.buffer)
    stdout_putchar.index                     0x200019ec   Data           4  retarget_io.o(.bss.stdout_putchar.index)
    [Anonymous Symbol]                       0x200019ec   Section        0  retarget_io.o(.bss.stdout_putchar.index)
    user_button                              0x200019f4   Data          96  main.o(.bss.user_button)
    [Anonymous Symbol]                       0x200019f4   Section        0  main.o(.bss.user_button)
    STACK                                    0x20001a58   Section     1024  startup_stm32f107xc.o(STACK)

    Global Symbols

    Symbol Name                              Value     Ov Type        Size  Object(Section)

    BuildAttributes$$THM_ISAv4$P$D$K$B$S$PE$A:L22UL41UL21$X:L11$S22US41US21$IEEE1$IW$~IW$USESV6$~STKCKD$USESV7$~SHL$OSPACE$ROPI$EBA8$MICROLIB$REQ8$PRES8$EABIv2 0x00000000   Number         0  anon$$obj.o ABSOLUTE
    __cpp_initialize__aeabi_                  - Undefined Weak Reference
    __cxa_finalize                            - Undefined Weak Reference
    _clock_init                               - Undefined Weak Reference
    _microlib_exit                            - Undefined Weak Reference
    __Vectors_Size                           0x00000150   Number         0  startup_stm32f107xc.o ABSOLUTE
    __Vectors                                0x08000000   Data           4  startup_stm32f107xc.o(RESET)
    __Vectors_End                            0x08000150   Data           0  startup_stm32f107xc.o(RESET)
    __main                                   0x08000151   Thumb Code     0  entry.o(.ARM.Collect$$$$00000000)
    _main_stk                                0x08000151   Thumb Code     0  entry2.o(.ARM.Collect$$$$00000001)
    _main_scatterload                        0x08000155   Thumb Code     0  entry5.o(.ARM.Collect$$$$00000004)
    __main_after_scatterload                 0x08000159   Thumb Code     0  entry5.o(.ARM.Collect$$$$00000004)
    _main_clock                              0x08000159   Thumb Code     0  entry7b.o(.ARM.Collect$$$$00000008)
    _main_cpp_init                           0x08000159   Thumb Code     0  entry8b.o(.ARM.Collect$$$$0000000A)
    _main_init                               0x08000159   Thumb Code     0  entry9a.o(.ARM.Collect$$$$0000000B)
    __rt_final_cpp                           0x08000161   Thumb Code     0  entry10a.o(.ARM.Collect$$$$0000000D)
    __rt_final_exit                          0x08000161   Thumb Code     0  entry11a.o(.ARM.Collect$$$$0000000F)
    Reset_Handler                            0x08000165   Thumb Code     8  startup_stm32f107xc.o(.text)
    ADC1_2_IRQHandler                        0x0800017f   Thumb Code     0  startup_stm32f107xc.o(.text)
    CAN1_RX0_IRQHandler                      0x0800017f   Thumb Code     0  startup_stm32f107xc.o(.text)
    CAN1_RX1_IRQHandler                      0x0800017f   Thumb Code     0  startup_stm32f107xc.o(.text)
    CAN1_SCE_IRQHandler                      0x0800017f   Thumb Code     0  startup_stm32f107xc.o(.text)
    CAN1_TX_IRQHandler                       0x0800017f   Thumb Code     0  startup_stm32f107xc.o(.text)
    CAN2_RX0_IRQHandler                      0x0800017f   Thumb Code     0  startup_stm32f107xc.o(.text)
    CAN2_RX1_IRQHandler                      0x0800017f   Thumb Code     0  startup_stm32f107xc.o(.text)
    CAN2_SCE_IRQHandler                      0x0800017f   Thumb Code     0  startup_stm32f107xc.o(.text)
    CAN2_TX_IRQHandler                       0x0800017f   Thumb Code     0  startup_stm32f107xc.o(.text)
    DMA1_Channel1_IRQHandler                 0x0800017f   Thumb Code     0  startup_stm32f107xc.o(.text)
    DMA1_Channel2_IRQHandler                 0x0800017f   Thumb Code     0  startup_stm32f107xc.o(.text)
    DMA1_Channel3_IRQHandler                 0x0800017f   Thumb Code     0  startup_stm32f107xc.o(.text)
    DMA1_Channel4_IRQHandler                 0x0800017f   Thumb Code     0  startup_stm32f107xc.o(.text)
    DMA1_Channel5_IRQHandler                 0x0800017f   Thumb Code     0  startup_stm32f107xc.o(.text)
    DMA1_Channel6_IRQHandler                 0x0800017f   Thumb Code     0  startup_stm32f107xc.o(.text)
    DMA1_Channel7_IRQHandler                 0x0800017f   Thumb Code     0  startup_stm32f107xc.o(.text)
    DMA2_Channel1_IRQHandler                 0x0800017f   Thumb Code     0  startup_stm32f107xc.o(.text)
    DMA2_Channel2_IRQHandler                 0x0800017f   Thumb Code     0  startup_stm32f107xc.o(.text)
    DMA2_Channel3_IRQHandler                 0x0800017f   Thumb Code     0  startup_stm32f107xc.o(.text)
    DMA2_Channel4_IRQHandler                 0x0800017f   Thumb Code     0  startup_stm32f107xc.o(.text)
    DMA2_Channel5_IRQHandler                 0x0800017f   Thumb Code     0  startup_stm32f107xc.o(.text)
    ETH_IRQHandler                           0x0800017f   Thumb Code     0  startup_stm32f107xc.o(.text)
    ETH_WKUP_IRQHandler                      0x0800017f   Thumb Code     0  startup_stm32f107xc.o(.text)
    EXTI0_IRQHandler                         0x0800017f   Thumb Code     0  startup_stm32f107xc.o(.text)
    EXTI15_10_IRQHandler                     0x0800017f   Thumb Code     0  startup_stm32f107xc.o(.text)
    EXTI1_IRQHandler                         0x0800017f   Thumb Code     0  startup_stm32f107xc.o(.text)
    EXTI2_IRQHandler                         0x0800017f   Thumb Code     0  startup_stm32f107xc.o(.text)
    EXTI3_IRQHandler                         0x0800017f   Thumb Code     0  startup_stm32f107xc.o(.text)
    EXTI4_IRQHandler                         0x0800017f   Thumb Code     0  startup_stm32f107xc.o(.text)
    EXTI9_5_IRQHandler                       0x0800017f   Thumb Code     0  startup_stm32f107xc.o(.text)
    FLASH_IRQHandler                         0x0800017f   Thumb Code     0  startup_stm32f107xc.o(.text)
    I2C1_ER_IRQHandler                       0x0800017f   Thumb Code     0  startup_stm32f107xc.o(.text)
    I2C1_EV_IRQHandler                       0x0800017f   Thumb Code     0  startup_stm32f107xc.o(.text)
    I2C2_ER_IRQHandler                       0x0800017f   Thumb Code     0  startup_stm32f107xc.o(.text)
    I2C2_EV_IRQHandler                       0x0800017f   Thumb Code     0  startup_stm32f107xc.o(.text)
    OTG_FS_WKUP_IRQHandler                   0x0800017f   Thumb Code     0  startup_stm32f107xc.o(.text)
    PVD_IRQHandler                           0x0800017f   Thumb Code     0  startup_stm32f107xc.o(.text)
    RCC_IRQHandler                           0x0800017f   Thumb Code     0  startup_stm32f107xc.o(.text)
    RTC_Alarm_IRQHandler                     0x0800017f   Thumb Code     0  startup_stm32f107xc.o(.text)
    RTC_IRQHandler                           0x0800017f   Thumb Code     0  startup_stm32f107xc.o(.text)
    SPI1_IRQHandler                          0x0800017f   Thumb Code     0  startup_stm32f107xc.o(.text)
    SPI2_IRQHandler                          0x0800017f   Thumb Code     0  startup_stm32f107xc.o(.text)
    SPI3_IRQHandler                          0x0800017f   Thumb Code     0  startup_stm32f107xc.o(.text)
    TAMPER_IRQHandler                        0x0800017f   Thumb Code     0  startup_stm32f107xc.o(.text)
    TIM1_BRK_IRQHandler                      0x0800017f   Thumb Code     0  startup_stm32f107xc.o(.text)
    TIM1_CC_IRQHandler                       0x0800017f   Thumb Code     0  startup_stm32f107xc.o(.text)
    TIM1_TRG_COM_IRQHandler                  0x0800017f   Thumb Code     0  startup_stm32f107xc.o(.text)
    TIM1_UP_IRQHandler                       0x0800017f   Thumb Code     0  startup_stm32f107xc.o(.text)
    TIM2_IRQHandler                          0x0800017f   Thumb Code     0  startup_stm32f107xc.o(.text)
    TIM3_IRQHandler                          0x0800017f   Thumb Code     0  startup_stm32f107xc.o(.text)
    TIM4_IRQHandler                          0x0800017f   Thumb Code     0  startup_stm32f107xc.o(.text)
    TIM5_IRQHandler                          0x0800017f   Thumb Code     0  startup_stm32f107xc.o(.text)
    UART4_IRQHandler                         0x0800017f   Thumb Code     0  startup_stm32f107xc.o(.text)
    UART5_IRQHandler                         0x0800017f   Thumb Code     0  startup_stm32f107xc.o(.text)
    USART1_IRQHandler                        0x0800017f   Thumb Code     0  startup_stm32f107xc.o(.text)
    USART2_IRQHandler                        0x0800017f   Thumb Code     0  startup_stm32f107xc.o(.text)
    USART3_IRQHandler                        0x0800017f   Thumb Code     0  startup_stm32f107xc.o(.text)
    WWDG_IRQHandler                          0x0800017f   Thumb Code     0  startup_stm32f107xc.o(.text)
    __aeabi_uldivmod                         0x08000189   Thumb Code    98  uldiv.o(.text)
    __aeabi_memcpy                           0x080001eb   Thumb Code    36  memcpya.o(.text)
    __aeabi_memcpy4                          0x080001eb   Thumb Code     0  memcpya.o(.text)
    __aeabi_memcpy8                          0x080001eb   Thumb Code     0  memcpya.o(.text)
    __aeabi_memset                           0x0800020f   Thumb Code    14  memseta.o(.text)
    __aeabi_memset4                          0x0800020f   Thumb Code     0  memseta.o(.text)
    __aeabi_memset8                          0x0800020f   Thumb Code     0  memseta.o(.text)
    __aeabi_memclr                           0x0800021d   Thumb Code     4  memseta.o(.text)
    __aeabi_memclr4                          0x0800021d   Thumb Code     0  memseta.o(.text)
    __aeabi_memclr8                          0x0800021d   Thumb Code     0  memseta.o(.text)
    _memset$wrapper                          0x08000221   Thumb Code    18  memseta.o(.text)
    __aeabi_uidiv                            0x08000233   Thumb Code     0  uidiv.o(.text)
    __aeabi_uidivmod                         0x08000233   Thumb Code    44  uidiv.o(.text)
    __aeabi_llsl                             0x0800025f   Thumb Code    30  llshl.o(.text)
    _ll_shift_l                              0x0800025f   Thumb Code     0  llshl.o(.text)
    __aeabi_llsr                             0x0800027d   Thumb Code    32  llushr.o(.text)
    _ll_ushift_r                             0x0800027d   Thumb Code     0  llushr.o(.text)
    __I$use$fp                               0x0800029d   Thumb Code     0  iusefp.o(.text)
    __aeabi_dadd                             0x0800029d   Thumb Code   322  dadd.o(.text)
    __aeabi_dsub                             0x080003df   Thumb Code     6  dadd.o(.text)
    __aeabi_drsub                            0x080003e5   Thumb Code     6  dadd.o(.text)
    __aeabi_dmul                             0x080003eb   Thumb Code   228  dmul.o(.text)
    __aeabi_ddiv                             0x080004cf   Thumb Code   222  ddiv.o(.text)
    __aeabi_d2ulz                            0x080005ad   Thumb Code    48  dfixul.o(.text)
    __aeabi_cdrcmple                         0x080005dd   Thumb Code    48  cdrcmple.o(.text)
    __scatterload                            0x0800060d   Thumb Code    28  init.o(.text)
    __scatterload_rt2                        0x0800060d   Thumb Code     0  init.o(.text)
    __aeabi_lasr                             0x08000631   Thumb Code    36  llsshr.o(.text)
    _ll_sshift_r                             0x08000631   Thumb Code     0  llsshr.o(.text)
    _double_round                            0x08000655   Thumb Code    30  depilogue.o(.text)
    _double_epilogue                         0x08000673   Thumb Code   156  depilogue.o(.text)
    __decompress                             0x0800070f   Thumb Code     0  __dczerorl2.o(.text)
    __decompress1                            0x0800070f   Thumb Code    86  __dczerorl2.o(.text)
    ADC_ConversionStop_Disable               0x08000765   Thumb Code   120  stm32f1xx_hal_adc.o(.text.ADC_ConversionStop_Disable)
    BusFault_Handler                         0x080007dd   Thumb Code     4  stm32f1xx_it.o(.text.BusFault_Handler)
    CDC_Transmit_FS                          0x080008bd   Thumb Code   104  usbd_cdc_if.o(.text.CDC_Transmit_FS)
    DebugMon_Handler                         0x08000925   Thumb Code     2  stm32f1xx_it.o(.text.DebugMon_Handler)
    Error_Handler                            0x08000929   Thumb Code     2  main.o(.text.Error_Handler)
    EventRecordData                          0x080009b1   Thumb Code   422  eventrecorder.o(.text.EventRecordData)
    EventRecorderEnable                      0x08000c59   Thumb Code   148  eventrecorder.o(.text.EventRecorderEnable)
    EventRecorderInitialize                  0x08000ced   Thumb Code   460  eventrecorder.o(.text.EventRecorderInitialize)
    EventRecorderStart                       0x08000eb9   Thumb Code    78  eventrecorder.o(.text.EventRecorderStart)
    EventRecorderTimerGetCount               0x08000f09   Thumb Code    12  eventrecorder.o(.text.EventRecorderTimerGetCount)
    EventRecorderTimerGetFreq                0x08000f15   Thumb Code    12  eventrecorder.o(.text.EventRecorderTimerGetFreq)
    EventRecorderTimerSetup                  0x08000f21   Thumb Code    36  eventrecorder.o(.text.EventRecorderTimerSetup)
    HAL_ADC_ConfigChannel                    0x08000fd1   Thumb Code   444  stm32f1xx_hal_adc.o(.text.HAL_ADC_ConfigChannel)
    HAL_ADC_Init                             0x0800118d   Thumb Code   540  stm32f1xx_hal_adc.o(.text.HAL_ADC_Init)
    HAL_ADC_MspInit                          0x080013a9   Thumb Code   122  adc.o(.text.HAL_ADC_MspInit)
    HAL_Delay                                0x08001425   Thumb Code    68  stm32f1xx_hal.o(.text.HAL_Delay)
    HAL_GPIO_Init                            0x08001469   Thumb Code   814  stm32f1xx_hal_gpio.o(.text.HAL_GPIO_Init)
    HAL_GPIO_ReadPin                         0x08001799   Thumb Code    48  stm32f1xx_hal_gpio.o(.text.HAL_GPIO_ReadPin)
    HAL_GPIO_WritePin                        0x080017c9   Thumb Code    52  stm32f1xx_hal_gpio.o(.text.HAL_GPIO_WritePin)
    HAL_GetTick                              0x080017fd   Thumb Code    12  stm32f1xx_hal.o(.text.HAL_GetTick)
    HAL_IncTick                              0x08001809   Thumb Code    26  stm32f1xx_hal.o(.text.HAL_IncTick)
    HAL_Init                                 0x08001825   Thumb Code    46  stm32f1xx_hal.o(.text.HAL_Init)
    HAL_InitTick                             0x08001855   Thumb Code   114  stm32f1xx_hal.o(.text.HAL_InitTick)
    HAL_MspInit                              0x080018c9   Thumb Code   100  stm32f1xx_hal_msp.o(.text.HAL_MspInit)
    HAL_NVIC_EnableIRQ                       0x0800192d   Thumb Code    24  stm32f1xx_hal_cortex.o(.text.HAL_NVIC_EnableIRQ)
    HAL_NVIC_SetPriority                     0x08001945   Thumb Code    64  stm32f1xx_hal_cortex.o(.text.HAL_NVIC_SetPriority)
    HAL_NVIC_SetPriorityGrouping             0x08001985   Thumb Code    16  stm32f1xx_hal_cortex.o(.text.HAL_NVIC_SetPriorityGrouping)
    HAL_PCDEx_SetRxFiFo                      0x08001995   Thumb Code    26  stm32f1xx_hal_pcd_ex.o(.text.HAL_PCDEx_SetRxFiFo)
    HAL_PCDEx_SetTxFiFo                      0x080019b1   Thumb Code   162  stm32f1xx_hal_pcd_ex.o(.text.HAL_PCDEx_SetTxFiFo)
    HAL_PCD_ConnectCallback                  0x08001a55   Thumb Code    20  usbd_conf.o(.text.HAL_PCD_ConnectCallback)
    HAL_PCD_DataInStageCallback              0x08001a69   Thumb Code    52  usbd_conf.o(.text.HAL_PCD_DataInStageCallback)
    HAL_PCD_DataOutStageCallback             0x08001a9d   Thumb Code    54  usbd_conf.o(.text.HAL_PCD_DataOutStageCallback)
    HAL_PCD_DisconnectCallback               0x08001ad5   Thumb Code    20  usbd_conf.o(.text.HAL_PCD_DisconnectCallback)
    HAL_PCD_EP_Close                         0x08001ae9   Thumb Code   170  stm32f1xx_hal_pcd.o(.text.HAL_PCD_EP_Close)
    HAL_PCD_EP_ClrStall                      0x08001b95   Thumb Code   202  stm32f1xx_hal_pcd.o(.text.HAL_PCD_EP_ClrStall)
    HAL_PCD_EP_GetRxCount                    0x08001c61   Thumb Code    36  stm32f1xx_hal_pcd.o(.text.HAL_PCD_EP_GetRxCount)
    HAL_PCD_EP_Open                          0x08001c85   Thumb Code   242  stm32f1xx_hal_pcd.o(.text.HAL_PCD_EP_Open)
    HAL_PCD_EP_Receive                       0x08001d79   Thumb Code   116  stm32f1xx_hal_pcd.o(.text.HAL_PCD_EP_Receive)
    HAL_PCD_EP_SetStall                      0x08001ded   Thumb Code   230  stm32f1xx_hal_pcd.o(.text.HAL_PCD_EP_SetStall)
    HAL_PCD_EP_Transmit                      0x08001ed5   Thumb Code   116  stm32f1xx_hal_pcd.o(.text.HAL_PCD_EP_Transmit)
    HAL_PCD_IRQHandler                       0x08001f49   Thumb Code  1498  stm32f1xx_hal_pcd.o(.text.HAL_PCD_IRQHandler)
    HAL_PCD_ISOINIncompleteCallback          0x08002525   Thumb Code    32  usbd_conf.o(.text.HAL_PCD_ISOINIncompleteCallback)
    HAL_PCD_ISOOUTIncompleteCallback         0x08002545   Thumb Code    32  usbd_conf.o(.text.HAL_PCD_ISOOUTIncompleteCallback)
    HAL_PCD_Init                             0x08002565   Thumb Code   686  stm32f1xx_hal_pcd.o(.text.HAL_PCD_Init)
    HAL_PCD_MspInit                          0x08002815   Thumb Code   140  usbd_conf.o(.text.HAL_PCD_MspInit)
    HAL_PCD_ResetCallback                    0x080028a1   Thumb Code    60  usbd_conf.o(.text.HAL_PCD_ResetCallback)
    HAL_PCD_ResumeCallback                   0x080028dd   Thumb Code    20  usbd_conf.o(.text.HAL_PCD_ResumeCallback)
    HAL_PCD_SOFCallback                      0x080028f1   Thumb Code    20  usbd_conf.o(.text.HAL_PCD_SOFCallback)
    HAL_PCD_SetAddress                       0x08002905   Thumb Code    96  stm32f1xx_hal_pcd.o(.text.HAL_PCD_SetAddress)
    HAL_PCD_SetupStageCallback               0x08002965   Thumb Code    30  usbd_conf.o(.text.HAL_PCD_SetupStageCallback)
    HAL_PCD_Start                            0x08002985   Thumb Code    88  stm32f1xx_hal_pcd.o(.text.HAL_PCD_Start)
    HAL_PCD_SuspendCallback                  0x080029dd   Thumb Code    64  usbd_conf.o(.text.HAL_PCD_SuspendCallback)
    HAL_RCCEx_PeriphCLKConfig                0x08002a1d   Thumb Code   786  stm32f1xx_hal_rcc_ex.o(.text.HAL_RCCEx_PeriphCLKConfig)
    HAL_RCC_ClockConfig                      0x08002d31   Thumb Code   600  stm32f1xx_hal_rcc.o(.text.HAL_RCC_ClockConfig)
    HAL_RCC_GetHCLKFreq                      0x08002f89   Thumb Code    12  stm32f1xx_hal_rcc.o(.text.HAL_RCC_GetHCLKFreq)
    HAL_RCC_GetPCLK1Freq                     0x08002f95   Thumb Code    34  stm32f1xx_hal_rcc.o(.text.HAL_RCC_GetPCLK1Freq)
    HAL_RCC_GetPCLK2Freq                     0x08002fb9   Thumb Code    34  stm32f1xx_hal_rcc.o(.text.HAL_RCC_GetPCLK2Freq)
    HAL_RCC_GetSysClockFreq                  0x08002fdd   Thumb Code   358  stm32f1xx_hal_rcc.o(.text.HAL_RCC_GetSysClockFreq)
    HAL_RCC_OscConfig                        0x08003145   Thumb Code  2060  stm32f1xx_hal_rcc.o(.text.HAL_RCC_OscConfig)
    HAL_SYSTICK_Config                       0x08003951   Thumb Code    16  stm32f1xx_hal_cortex.o(.text.HAL_SYSTICK_Config)
    HAL_TIMEx_BreakCallback                  0x08003961   Thumb Code     8  stm32f1xx_hal_tim_ex.o(.text.HAL_TIMEx_BreakCallback)
    HAL_TIMEx_CommutCallback                 0x08003969   Thumb Code     8  stm32f1xx_hal_tim_ex.o(.text.HAL_TIMEx_CommutCallback)
    HAL_TIMEx_MasterConfigSynchronization    0x08003971   Thumb Code   152  stm32f1xx_hal_tim_ex.o(.text.HAL_TIMEx_MasterConfigSynchronization)
    HAL_TIM_Base_Init                        0x08003a09   Thumb Code    98  stm32f1xx_hal_tim.o(.text.HAL_TIM_Base_Init)
    HAL_TIM_Base_MspInit                     0x08003a6d   Thumb Code   152  tim.o(.text.HAL_TIM_Base_MspInit)
    HAL_TIM_Base_Start_IT                    0x08003b05   Thumb Code    56  stm32f1xx_hal_tim.o(.text.HAL_TIM_Base_Start_IT)
    HAL_TIM_IC_CaptureCallback               0x08003b3d   Thumb Code     8  stm32f1xx_hal_tim.o(.text.HAL_TIM_IC_CaptureCallback)
    HAL_TIM_IRQHandler                       0x08003b45   Thumb Code   642  stm32f1xx_hal_tim.o(.text.HAL_TIM_IRQHandler)
    HAL_TIM_OC_DelayElapsedCallback          0x08003dc9   Thumb Code     8  stm32f1xx_hal_tim.o(.text.HAL_TIM_OC_DelayElapsedCallback)
    HAL_TIM_PWM_PulseFinishedCallback        0x08003dd1   Thumb Code     8  stm32f1xx_hal_tim.o(.text.HAL_TIM_PWM_PulseFinishedCallback)
    HAL_TIM_PeriodElapsedCallback            0x08003dd9   Thumb Code    98  main.o(.text.HAL_TIM_PeriodElapsedCallback)
    HAL_TIM_TriggerCallback                  0x08003e3d   Thumb Code     8  stm32f1xx_hal_tim.o(.text.HAL_TIM_TriggerCallback)
    HAL_UART_Init                            0x08003e45   Thumb Code   160  stm32f1xx_hal_uart.o(.text.HAL_UART_Init)
    HAL_UART_MspInit                         0x08003ee5   Thumb Code   182  usart.o(.text.HAL_UART_MspInit)
    HardFault_Handler                        0x08003f9d   Thumb Code     4  stm32f1xx_it.o(.text.HardFault_Handler)
    MX_ADC1_Init                             0x0800408d   Thumb Code   108  adc.o(.text.MX_ADC1_Init)
    MX_GPIO_Init                             0x080040f9   Thumb Code   378  gpio.o(.text.MX_GPIO_Init)
    MX_TIM6_Init                             0x08004275   Thumb Code    96  tim.o(.text.MX_TIM6_Init)
    MX_TIM7_Init                             0x080042d5   Thumb Code    98  tim.o(.text.MX_TIM7_Init)
    MX_USART2_UART_Init                      0x08004339   Thumb Code    60  usart.o(.text.MX_USART2_UART_Init)
    MX_USB_DEVICE_Init                       0x08004375   Thumb Code   126  usb_device.o(.text.MX_USB_DEVICE_Init)
    MemManage_Handler                        0x080043f5   Thumb Code     4  stm32f1xx_it.o(.text.MemManage_Handler)
    NMI_Handler                              0x080043f9   Thumb Code     2  stm32f1xx_it.o(.text.NMI_Handler)
    OTG_FS_IRQHandler                        0x0800446d   Thumb Code    16  stm32f1xx_it.o(.text.OTG_FS_IRQHandler)
    PendSV_Handler                           0x08004699   Thumb Code     2  stm32f1xx_it.o(.text.PendSV_Handler)
    SVC_Handler                              0x080046d9   Thumb Code     2  stm32f1xx_it.o(.text.SVC_Handler)
    SysTick_Handler                          0x08004731   Thumb Code     8  stm32f1xx_it.o(.text.SysTick_Handler)
    SystemClock_Config                       0x08004739   Thumb Code   192  main.o(.text.SystemClock_Config)
    SystemInit                               0x080047f9   Thumb Code   116  system_stm32f1xx.o(.text.SystemInit)
    TIM6_IRQHandler                          0x0800486d   Thumb Code    16  stm32f1xx_it.o(.text.TIM6_IRQHandler)
    TIM7_IRQHandler                          0x0800487d   Thumb Code    16  stm32f1xx_it.o(.text.TIM7_IRQHandler)
    TIM_Base_SetConfig                       0x0800488d   Thumb Code   272  stm32f1xx_hal_tim.o(.text.TIM_Base_SetConfig)
    USBD_CDC_GetDeviceQualifierDescriptor    0x08004c99   Thumb Code    22  usbd_cdc.o(.text.USBD_CDC_GetDeviceQualifierDescriptor)
    USBD_CDC_ReceivePacket                   0x08004e11   Thumb Code    98  usbd_cdc.o(.text.USBD_CDC_ReceivePacket)
    USBD_CDC_RegisterInterface               0x08004e75   Thumb Code    44  usbd_cdc.o(.text.USBD_CDC_RegisterInterface)
    USBD_CDC_SetRxBuffer                     0x08004ea1   Thumb Code    28  usbd_cdc.o(.text.USBD_CDC_SetRxBuffer)
    USBD_CDC_SetTxBuffer                     0x08004ebd   Thumb Code    44  usbd_cdc.o(.text.USBD_CDC_SetTxBuffer)
    USBD_CDC_TransmitPacket                  0x08005069   Thumb Code   106  usbd_cdc.o(.text.USBD_CDC_TransmitPacket)
    USBD_ClrClassConfig                      0x080050d5   Thumb Code    44  usbd_core.o(.text.USBD_ClrClassConfig)
    USBD_CtlContinueRx                       0x08005141   Thumb Code    56  usbd_ioreq.o(.text.USBD_CtlContinueRx)
    USBD_CtlContinueSendData                 0x08005179   Thumb Code    56  usbd_ioreq.o(.text.USBD_CtlContinueSendData)
    USBD_CtlError                            0x080051b1   Thumb Code    34  usbd_ctlreq.o(.text.USBD_CtlError)
    USBD_CtlPrepareRx                        0x080051d5   Thumb Code    84  usbd_ioreq.o(.text.USBD_CtlPrepareRx)
    USBD_CtlReceiveStatus                    0x08005229   Thumb Code    38  usbd_ioreq.o(.text.USBD_CtlReceiveStatus)
    USBD_CtlSendData                         0x08005251   Thumb Code    80  usbd_ioreq.o(.text.USBD_CtlSendData)
    USBD_CtlSendStatus                       0x080052a1   Thumb Code    38  usbd_ioreq.o(.text.USBD_CtlSendStatus)
    USBD_FS_ConfigStrDescriptor              0x080052c9   Thumb Code    82  usbd_desc.o(.text.USBD_FS_ConfigStrDescriptor)
    USBD_FS_DeviceDescriptor                 0x0800531d   Thumb Code    28  usbd_desc.o(.text.USBD_FS_DeviceDescriptor)
    USBD_FS_InterfaceStrDescriptor           0x08005339   Thumb Code    82  usbd_desc.o(.text.USBD_FS_InterfaceStrDescriptor)
    USBD_FS_LangIDStrDescriptor              0x0800538d   Thumb Code    28  usbd_desc.o(.text.USBD_FS_LangIDStrDescriptor)
    USBD_FS_ManufacturerStrDescriptor        0x080053a9   Thumb Code    56  usbd_desc.o(.text.USBD_FS_ManufacturerStrDescriptor)
    USBD_FS_ProductStrDescriptor             0x080053e1   Thumb Code    82  usbd_desc.o(.text.USBD_FS_ProductStrDescriptor)
    USBD_FS_SerialStrDescriptor              0x08005435   Thumb Code    36  usbd_desc.o(.text.USBD_FS_SerialStrDescriptor)
    USBD_GetString                           0x08005885   Thumb Code   132  usbd_ctlreq.o(.text.USBD_GetString)
    USBD_Init                                0x0800595d   Thumb Code   108  usbd_core.o(.text.USBD_Init)
    USBD_LL_ClearStallEP                     0x080059c9   Thumb Code    62  usbd_conf.o(.text.USBD_LL_ClearStallEP)
    USBD_LL_CloseEP                          0x08005a09   Thumb Code    62  usbd_conf.o(.text.USBD_LL_CloseEP)
    USBD_LL_DataInStage                      0x08005a49   Thumb Code   384  usbd_core.o(.text.USBD_LL_DataInStage)
    USBD_LL_DataOutStage                     0x08005bc9   Thumb Code   270  usbd_core.o(.text.USBD_LL_DataOutStage)
    USBD_LL_DevConnected                     0x08005cd9   Thumb Code    10  usbd_core.o(.text.USBD_LL_DevConnected)
    USBD_LL_DevDisconnected                  0x08005ce5   Thumb Code    42  usbd_core.o(.text.USBD_LL_DevDisconnected)
    USBD_LL_GetRxDataSize                    0x08005d11   Thumb Code    32  usbd_conf.o(.text.USBD_LL_GetRxDataSize)
    USBD_LL_Init                             0x08005d31   Thumb Code   132  usbd_conf.o(.text.USBD_LL_Init)
    USBD_LL_IsStallEP                        0x08005db5   Thumb Code    94  usbd_conf.o(.text.USBD_LL_IsStallEP)
    USBD_LL_IsoINIncomplete                  0x08005e15   Thumb Code    16  usbd_core.o(.text.USBD_LL_IsoINIncomplete)
    USBD_LL_IsoOUTIncomplete                 0x08005e25   Thumb Code    16  usbd_core.o(.text.USBD_LL_IsoOUTIncomplete)
    USBD_LL_OpenEP                           0x08005e35   Thumb Code    90  usbd_conf.o(.text.USBD_LL_OpenEP)
    USBD_LL_PrepareReceive                   0x08005e91   Thumb Code    82  usbd_conf.o(.text.USBD_LL_PrepareReceive)
    USBD_LL_Reset                            0x08005ee5   Thumb Code   144  usbd_core.o(.text.USBD_LL_Reset)
    USBD_LL_Resume                           0x08005f75   Thumb Code    34  usbd_core.o(.text.USBD_LL_Resume)
    USBD_LL_SOF                              0x08005f99   Thumb Code    52  usbd_core.o(.text.USBD_LL_SOF)
    USBD_LL_SetSpeed                         0x08005fcd   Thumb Code    24  usbd_core.o(.text.USBD_LL_SetSpeed)
    USBD_LL_SetUSBAddress                    0x08005fe5   Thumb Code    62  usbd_conf.o(.text.USBD_LL_SetUSBAddress)
    USBD_LL_SetupStage                       0x08006025   Thumb Code   132  usbd_core.o(.text.USBD_LL_SetupStage)
    USBD_LL_StallEP                          0x080060a9   Thumb Code    62  usbd_conf.o(.text.USBD_LL_StallEP)
    USBD_LL_Start                            0x080060e9   Thumb Code    50  usbd_conf.o(.text.USBD_LL_Start)
    USBD_LL_Suspend                          0x0800611d   Thumb Code    28  usbd_core.o(.text.USBD_LL_Suspend)
    USBD_LL_Transmit                         0x08006139   Thumb Code    82  usbd_conf.o(.text.USBD_LL_Transmit)
    USBD_ParseSetupRequest                   0x0800618d   Thumb Code    68  usbd_ctlreq.o(.text.USBD_ParseSetupRequest)
    USBD_RegisterClass                       0x080061d1   Thumb Code    52  usbd_core.o(.text.USBD_RegisterClass)
    USBD_RunTestMode                         0x08006205   Thumb Code    10  usbd_core.o(.text.USBD_RunTestMode)
    USBD_SetClassConfig                      0x080062a9   Thumb Code    74  usbd_core.o(.text.USBD_SetClassConfig)
    USBD_Start                               0x0800646d   Thumb Code    22  usbd_core.o(.text.USBD_Start)
    USBD_StdDevReq                           0x08006485   Thumb Code   196  usbd_ctlreq.o(.text.USBD_StdDevReq)
    USBD_StdEPReq                            0x08006549   Thumb Code   872  usbd_ctlreq.o(.text.USBD_StdEPReq)
    USBD_StdItfReq                           0x080068b1   Thumb Code   164  usbd_ctlreq.o(.text.USBD_StdItfReq)
    USBD_static_free                         0x08006955   Thumb Code     8  usbd_conf.o(.text.USBD_static_free)
    USBD_static_malloc                       0x0800695d   Thumb Code    16  usbd_conf.o(.text.USBD_static_malloc)
    USB_ActivateEndpoint                     0x0800696d   Thumb Code   224  stm32f1xx_ll_usb.o(.text.USB_ActivateEndpoint)
    USB_ActivateSetup                        0x08006a4d   Thumb Code    44  stm32f1xx_ll_usb.o(.text.USB_ActivateSetup)
    USB_CoreInit                             0x08006a79   Thumb Code   216  stm32f1xx_ll_usb.o(.text.USB_CoreInit)
    USB_DeactivateEndpoint                   0x08006bd1   Thumb Code   208  stm32f1xx_ll_usb.o(.text.USB_DeactivateEndpoint)
    USB_DevConnect                           0x08006ca1   Thumb Code    36  stm32f1xx_ll_usb.o(.text.USB_DevConnect)
    USB_DevDisconnect                        0x08006cc5   Thumb Code    36  stm32f1xx_ll_usb.o(.text.USB_DevDisconnect)
    USB_DevInit                              0x08006ce9   Thumb Code   630  stm32f1xx_ll_usb.o(.text.USB_DevInit)
    USB_DisableGlobalInt                     0x08006f61   Thumb Code    20  stm32f1xx_ll_usb.o(.text.USB_DisableGlobalInt)
    USB_EP0StartXfer                         0x08006f75   Thumb Code   398  stm32f1xx_ll_usb.o(.text.USB_EP0StartXfer)
    USB_EP0_OutStart                         0x08007105   Thumb Code   120  stm32f1xx_ll_usb.o(.text.USB_EP0_OutStart)
    USB_EPClearStall                         0x0800717d   Thumb Code   160  stm32f1xx_ll_usb.o(.text.USB_EPClearStall)
    USB_EPSetStall                           0x0800721d   Thumb Code   176  stm32f1xx_ll_usb.o(.text.USB_EPSetStall)
    USB_EPStartXfer                          0x080072cd   Thumb Code   698  stm32f1xx_ll_usb.o(.text.USB_EPStartXfer)
    USB_EnableGlobalInt                      0x08007589   Thumb Code    20  stm32f1xx_ll_usb.o(.text.USB_EnableGlobalInt)
    USB_FlushRxFifo                          0x0800759d   Thumb Code    76  stm32f1xx_ll_usb.o(.text.USB_FlushRxFifo)
    USB_FlushTxFifo                          0x080075e9   Thumb Code    82  stm32f1xx_ll_usb.o(.text.USB_FlushTxFifo)
    USB_GetDevSpeed                          0x0800763d   Thumb Code    60  stm32f1xx_ll_usb.o(.text.USB_GetDevSpeed)
    USB_GetMode                              0x08007679   Thumb Code    16  stm32f1xx_ll_usb.o(.text.USB_GetMode)
    USB_ReadDevAllInEpInterrupt              0x08007689   Thumb Code    36  stm32f1xx_ll_usb.o(.text.USB_ReadDevAllInEpInterrupt)
    USB_ReadDevAllOutEpInterrupt             0x080076ad   Thumb Code    36  stm32f1xx_ll_usb.o(.text.USB_ReadDevAllOutEpInterrupt)
    USB_ReadDevInEPInterrupt                 0x080076d1   Thumb Code    80  stm32f1xx_ll_usb.o(.text.USB_ReadDevInEPInterrupt)
    USB_ReadDevOutEPInterrupt                0x08007721   Thumb Code    48  stm32f1xx_ll_usb.o(.text.USB_ReadDevOutEPInterrupt)
    USB_ReadInterrupts                       0x08007751   Thumb Code    26  stm32f1xx_ll_usb.o(.text.USB_ReadInterrupts)
    USB_ReadPacket                           0x0800776d   Thumb Code    80  stm32f1xx_ll_usb.o(.text.USB_ReadPacket)
    USB_SetCurrentMode                       0x080077bd   Thumb Code    98  stm32f1xx_ll_usb.o(.text.USB_SetCurrentMode)
    USB_SetDevAddress                        0x08007821   Thumb Code    56  stm32f1xx_ll_usb.o(.text.USB_SetDevAddress)
    USB_SetDevSpeed                          0x08007859   Thumb Code    36  stm32f1xx_ll_usb.o(.text.USB_SetDevSpeed)
    USB_SetTurnaroundTime                    0x0800787d   Thumb Code   428  stm32f1xx_ll_usb.o(.text.USB_SetTurnaroundTime)
    USB_WritePacket                          0x08007a29   Thumb Code    96  stm32f1xx_ll_usb.o(.text.USB_WritePacket)
    UsageFault_Handler                       0x08007ad9   Thumb Code     4  stm32f1xx_it.o(.text.UsageFault_Handler)
    flex_button_event_read                   0x08007e61   Thumb Code    12  flexible_button.o(.text.flex_button_event_read)
    flex_button_register                     0x08008211   Thumb Code   178  flexible_button.o(.text.flex_button_register)
    flex_button_scan                         0x080082c5   Thumb Code    12  flexible_button.o(.text.flex_button_scan)
    fputc                                    0x080082d1   Thumb Code    48  retarget_io.o(.text.fputc)
    main                                     0x08008301   Thumb Code   144  main.o(.text.main)
    __0printf                                0x080084b5   Thumb Code    22  printfa.o(i.__0printf)
    __1printf                                0x080084b5   Thumb Code     0  printfa.o(i.__0printf)
    __2printf                                0x080084b5   Thumb Code     0  printfa.o(i.__0printf)
    __c89printf                              0x080084b5   Thumb Code     0  printfa.o(i.__0printf)
    printf                                   0x080084b5   Thumb Code     0  printfa.o(i.__0printf)
    __scatterload_copy                       0x080084d5   Thumb Code    14  handlers.o(i.__scatterload_copy)
    __scatterload_null                       0x080084e3   Thumb Code     2  handlers.o(i.__scatterload_null)
    __scatterload_zeroinit                   0x080084e5   Thumb Code    14  handlers.o(i.__scatterload_zeroinit)
    AHBPrescTable                            0x08008da6   Data          16  system_stm32f1xx.o(.rodata.AHBPrescTable)
    APBPrescTable                            0x08008db6   Data           8  system_stm32f1xx.o(.rodata.APBPrescTable)
    EventRecorderInfo                        0x08008dc0   Data          24  eventrecorder.o(.rodata.EventRecorderInfo)
    Region$$Table$$Base                      0x08008f64   Number         0  anon$$obj.o(Region$$Table)
    Region$$Table$$Limit                     0x08008f84   Number         0  anon$$obj.o(Region$$Table)
    __stdout                                 0x20000000   Data           4  stdout.o(.data)
    FS_Desc                                  0x20000004   Data          28  usbd_desc.o(.data.FS_Desc)
    SystemCoreClock                          0x20000020   Data           4  system_stm32f1xx.o(.data.SystemCoreClock)
    USBD_CDC                                 0x20000024   Data          56  usbd_cdc.o(.data.USBD_CDC)
    USBD_CDC_CfgFSDesc                       0x2000005c   Data          67  usbd_cdc.o(.data.USBD_CDC_CfgFSDesc)
    USBD_CDC_CfgHSDesc                       0x200000a0   Data          67  usbd_cdc.o(.data.USBD_CDC_CfgHSDesc)
    USBD_CDC_OtherSpeedCfgDesc               0x200000f0   Data          67  usbd_cdc.o(.data.USBD_CDC_OtherSpeedCfgDesc)
    USBD_FS_DeviceDesc                       0x20000134   Data          18  usbd_desc.o(.data.USBD_FS_DeviceDesc)
    USBD_Interface_fops_FS                   0x20000148   Data          16  usbd_cdc_if.o(.data.USBD_Interface_fops_FS)
    USBD_LangIDDesc                          0x20000158   Data           4  usbd_desc.o(.data.USBD_LangIDDesc)
    USBD_StringSerial                        0x2000015c   Data          26  usbd_desc.o(.data.USBD_StringSerial)
    uwTickFreq                               0x20000176   Data           1  stm32f1xx_hal.o(.data.uwTickFreq)
    uwTickPrio                               0x20000178   Data           4  stm32f1xx_hal.o(.data.uwTickPrio)
    USBD_StrDesc                             0x20000184   Data         512  usbd_desc.o(.bss.USBD_StrDesc)
    UserRxBufferFS                           0x200005a4   Data        1000  usbd_cdc_if.o(.bss.UserRxBufferFS)
    UserTxBufferFS                           0x2000098c   Data        1000  usbd_cdc_if.o(.bss.UserTxBufferFS)
    g_btn_status_reg                         0x20000d7c   Data           4  flexible_button.o(.bss.g_btn_status_reg)
    g_logic_level                            0x20000d80   Data           4  flexible_button.o(.bss.g_logic_level)
    hUsbDeviceFS                             0x20000d84   Data         708  usb_device.o(.bss.hUsbDeviceFS)
    hadc1                                    0x20001048   Data          48  adc.o(.bss.hadc1)
    hpcd_USB_OTG_FS                          0x20001078   Data        1024  usbd_conf.o(.bss.hpcd_USB_OTG_FS)
    htim6                                    0x20001478   Data          64  tim.o(.bss.htim6)
    htim7                                    0x200014b8   Data          64  tim.o(.bss.htim7)
    huart2                                   0x200014f8   Data          64  usart.o(.bss.huart2)
    u_main                                   0x200019f0   Data           4  main.o(.bss.u_main)
    uwTick                                   0x20001a54   Data           4  stm32f1xx_hal.o(.bss.uwTick)
    __initial_sp                             0x20001e58   Data           0  startup_stm32f107xc.o(STACK)



==============================================================================

Memory Map of the image

  Image Entry point : 0x08000151

  Load Region LR_IROM1 (Base: 0x08000000, Size: 0x00009140, Max: 0x00040000, ABSOLUTE, COMPRESSED[0x000090c0])

    Execution Region ER_IROM1 (Exec base: 0x08000000, Load base: 0x08000000, Size: 0x00008f84, Max: 0x00040000, ABSOLUTE)

    Exec Addr    Load Addr    Size         Type   Attr      Idx    E Section Name        Object

    0x08000000   0x08000000   0x00000150   Data   RO            3    RESET               startup_stm32f107xc.o
    0x08000150   0x08000150   0x00000000   Code   RO         1783  * .ARM.Collect$$$$00000000  mc_w.l(entry.o)
    0x08000150   0x08000150   0x00000004   Code   RO         1828    .ARM.Collect$$$$00000001  mc_w.l(entry2.o)
    0x08000154   0x08000154   0x00000004   Code   RO         1831    .ARM.Collect$$$$00000004  mc_w.l(entry5.o)
    0x08000158   0x08000158   0x00000000   Code   RO         1833    .ARM.Collect$$$$00000008  mc_w.l(entry7b.o)
    0x08000158   0x08000158   0x00000000   Code   RO         1835    .ARM.Collect$$$$0000000A  mc_w.l(entry8b.o)
    0x08000158   0x08000158   0x00000008   Code   RO         1836    .ARM.Collect$$$$0000000B  mc_w.l(entry9a.o)
    0x08000160   0x08000160   0x00000000   Code   RO         1838    .ARM.Collect$$$$0000000D  mc_w.l(entry10a.o)
    0x08000160   0x08000160   0x00000000   Code   RO         1840    .ARM.Collect$$$$0000000F  mc_w.l(entry11a.o)
    0x08000160   0x08000160   0x00000004   Code   RO         1829    .ARM.Collect$$$$00002712  mc_w.l(entry2.o)
    0x08000164   0x08000164   0x00000024   Code   RO            4    .text               startup_stm32f107xc.o
    0x08000188   0x08000188   0x00000062   Code   RO         1792    .text               mc_w.l(uldiv.o)
    0x080001ea   0x080001ea   0x00000024   Code   RO         1794    .text               mc_w.l(memcpya.o)
    0x0800020e   0x0800020e   0x00000024   Code   RO         1796    .text               mc_w.l(memseta.o)
    0x08000232   0x08000232   0x0000002c   Code   RO         1842    .text               mc_w.l(uidiv.o)
    0x0800025e   0x0800025e   0x0000001e   Code   RO         1844    .text               mc_w.l(llshl.o)
    0x0800027c   0x0800027c   0x00000020   Code   RO         1846    .text               mc_w.l(llushr.o)
    0x0800029c   0x0800029c   0x00000000   Code   RO         1848    .text               mc_w.l(iusefp.o)
    0x0800029c   0x0800029c   0x0000014e   Code   RO         1849    .text               mf_w.l(dadd.o)
    0x080003ea   0x080003ea   0x000000e4   Code   RO         1851    .text               mf_w.l(dmul.o)
    0x080004ce   0x080004ce   0x000000de   Code   RO         1853    .text               mf_w.l(ddiv.o)
    0x080005ac   0x080005ac   0x00000030   Code   RO         1855    .text               mf_w.l(dfixul.o)
    0x080005dc   0x080005dc   0x00000030   Code   RO         1857    .text               mf_w.l(cdrcmple.o)
    0x0800060c   0x0800060c   0x00000024   Code   RO         1859    .text               mc_w.l(init.o)
    0x08000630   0x08000630   0x00000024   Code   RO         1861    .text               mc_w.l(llsshr.o)
    0x08000654   0x08000654   0x000000ba   Code   RO         1863    .text               mf_w.l(depilogue.o)
    0x0800070e   0x0800070e   0x00000056   Code   RO         1873    .text               mc_w.l(__dczerorl2.o)
    0x08000764   0x08000764   0x00000078   Code   RO         1015    .text.ADC_ConversionStop_Disable  stm32f1xx_hal_adc.o
    0x080007dc   0x080007dc   0x00000004   Code   RO          244    .text.BusFault_Handler  stm32f1xx_it.o
    0x080007e0   0x080007e0   0x00000060   Code   RO          221    .text.CDC_Control_FS  usbd_cdc_if.o
    0x08000840   0x08000840   0x00000004   Code   RO          219    .text.CDC_DeInit_FS  usbd_cdc_if.o
    0x08000844   0x08000844   0x0000003a   Code   RO          217    .text.CDC_Init_FS   usbd_cdc_if.o
    0x0800087e   0x0800087e   0x00000002   PAD
    0x08000880   0x08000880   0x0000003c   Code   RO          223    .text.CDC_Receive_FS  usbd_cdc_if.o
    0x080008bc   0x080008bc   0x00000068   Code   RO          225    .text.CDC_Transmit_FS  usbd_cdc_if.o
    0x08000924   0x08000924   0x00000002   Code   RO          250    .text.DebugMon_Handler  stm32f1xx_it.o
    0x08000926   0x08000926   0x00000002   PAD
    0x08000928   0x08000928   0x00000002   Code   RO           19    .text.Error_Handler  main.o
    0x0800092a   0x0800092a   0x00000002   PAD
    0x0800092c   0x0800092c   0x00000040   Code   RO         1723    .text.EventCheckFilter  eventrecorder.o
    0x0800096c   0x0800096c   0x00000042   Code   RO         1709    .text.EventGetTS    eventrecorder.o
    0x080009ae   0x080009ae   0x00000002   PAD
    0x080009b0   0x080009b0   0x000001a6   Code   RO         1721    .text.EventRecordData  eventrecorder.o
    0x08000b56   0x08000b56   0x00000002   PAD
    0x08000b58   0x08000b58   0x00000100   Code   RO         1711    .text.EventRecordItem  eventrecorder.o
    0x08000c58   0x08000c58   0x00000094   Code   RO         1707    .text.EventRecorderEnable  eventrecorder.o
    0x08000cec   0x08000cec   0x000001cc   Code   RO         1703    .text.EventRecorderInitialize  eventrecorder.o
    0x08000eb8   0x08000eb8   0x0000004e   Code   RO         1713    .text.EventRecorderStart  eventrecorder.o
    0x08000f06   0x08000f06   0x00000002   PAD
    0x08000f08   0x08000f08   0x0000000c   Code   RO         1701    .text.EventRecorderTimerGetCount  eventrecorder.o
    0x08000f14   0x08000f14   0x0000000c   Code   RO         1699    .text.EventRecorderTimerGetFreq  eventrecorder.o
    0x08000f20   0x08000f20   0x00000024   Code   RO         1697    .text.EventRecorderTimerSetup  eventrecorder.o
    0x08000f44   0x08000f44   0x00000012   Code   RO         1725    .text.GetContext    eventrecorder.o
    0x08000f56   0x08000f56   0x00000002   PAD
    0x08000f58   0x08000f58   0x00000012   Code   RO         1739    .text.GetRecordIndex  eventrecorder.o
    0x08000f6a   0x08000f6a   0x00000002   PAD
    0x08000f6c   0x08000f6c   0x00000062   Code   RO          199    .text.Get_SerialNum  usbd_desc.o
    0x08000fce   0x08000fce   0x00000002   PAD
    0x08000fd0   0x08000fd0   0x000001bc   Code   RO         1057    .text.HAL_ADC_ConfigChannel  stm32f1xx_hal_adc.o
    0x0800118c   0x0800118c   0x0000021c   Code   RO         1011    .text.HAL_ADC_Init  stm32f1xx_hal_adc.o
    0x080013a8   0x080013a8   0x0000007a   Code   RO           48    .text.HAL_ADC_MspInit  adc.o
    0x08001422   0x08001422   0x00000002   PAD
    0x08001424   0x08001424   0x00000044   Code   RO          635    .text.HAL_Delay     stm32f1xx_hal.o
    0x08001468   0x08001468   0x0000032e   Code   RO          740    .text.HAL_GPIO_Init  stm32f1xx_hal_gpio.o
    0x08001796   0x08001796   0x00000002   PAD
    0x08001798   0x08001798   0x00000030   Code   RO          744    .text.HAL_GPIO_ReadPin  stm32f1xx_hal_gpio.o
    0x080017c8   0x080017c8   0x00000034   Code   RO          746    .text.HAL_GPIO_WritePin  stm32f1xx_hal_gpio.o
    0x080017fc   0x080017fc   0x0000000c   Code   RO          627    .text.HAL_GetTick   stm32f1xx_hal.o
    0x08001808   0x08001808   0x0000001a   Code   RO          625    .text.HAL_IncTick   stm32f1xx_hal.o
    0x08001822   0x08001822   0x00000002   PAD
    0x08001824   0x08001824   0x0000002e   Code   RO          615    .text.HAL_Init      stm32f1xx_hal.o
    0x08001852   0x08001852   0x00000002   PAD
    0x08001854   0x08001854   0x00000072   Code   RO          617    .text.HAL_InitTick  stm32f1xx_hal.o
    0x080018c6   0x080018c6   0x00000002   PAD
    0x080018c8   0x080018c8   0x00000064   Code   RO          270    .text.HAL_MspInit   stm32f1xx_hal_msp.o
    0x0800192c   0x0800192c   0x00000018   Code   RO          810    .text.HAL_NVIC_EnableIRQ  stm32f1xx_hal_cortex.o
    0x08001944   0x08001944   0x00000040   Code   RO          802    .text.HAL_NVIC_SetPriority  stm32f1xx_hal_cortex.o
    0x08001984   0x08001984   0x00000010   Code   RO          798    .text.HAL_NVIC_SetPriorityGrouping  stm32f1xx_hal_cortex.o
    0x08001994   0x08001994   0x0000001a   Code   RO          496    .text.HAL_PCDEx_SetRxFiFo  stm32f1xx_hal_pcd_ex.o
    0x080019ae   0x080019ae   0x00000002   PAD
    0x080019b0   0x080019b0   0x000000a2   Code   RO          494    .text.HAL_PCDEx_SetTxFiFo  stm32f1xx_hal_pcd_ex.o
    0x08001a52   0x08001a52   0x00000002   PAD
    0x08001a54   0x08001a54   0x00000014   Code   RO          135    .text.HAL_PCD_ConnectCallback  usbd_conf.o
    0x08001a68   0x08001a68   0x00000034   Code   RO          121    .text.HAL_PCD_DataInStageCallback  usbd_conf.o
    0x08001a9c   0x08001a9c   0x00000036   Code   RO          119    .text.HAL_PCD_DataOutStageCallback  usbd_conf.o
    0x08001ad2   0x08001ad2   0x00000002   PAD
    0x08001ad4   0x08001ad4   0x00000014   Code   RO          137    .text.HAL_PCD_DisconnectCallback  usbd_conf.o
    0x08001ae8   0x08001ae8   0x000000aa   Code   RO          466    .text.HAL_PCD_EP_Close  stm32f1xx_hal_pcd.o
    0x08001b92   0x08001b92   0x00000002   PAD
    0x08001b94   0x08001b94   0x000000ca   Code   RO          476    .text.HAL_PCD_EP_ClrStall  stm32f1xx_hal_pcd.o
    0x08001c5e   0x08001c5e   0x00000002   PAD
    0x08001c60   0x08001c60   0x00000024   Code   RO          470    .text.HAL_PCD_EP_GetRxCount  stm32f1xx_hal_pcd.o
    0x08001c84   0x08001c84   0x000000f2   Code   RO          464    .text.HAL_PCD_EP_Open  stm32f1xx_hal_pcd.o
    0x08001d76   0x08001d76   0x00000002   PAD
    0x08001d78   0x08001d78   0x00000074   Code   RO          468    .text.HAL_PCD_EP_Receive  stm32f1xx_hal_pcd.o
    0x08001dec   0x08001dec   0x000000e6   Code   RO          474    .text.HAL_PCD_EP_SetStall  stm32f1xx_hal_pcd.o
    0x08001ed2   0x08001ed2   0x00000002   PAD
    0x08001ed4   0x08001ed4   0x00000074   Code   RO          472    .text.HAL_PCD_EP_Transmit  stm32f1xx_hal_pcd.o
    0x08001f48   0x08001f48   0x000005da   Code   RO          428    .text.HAL_PCD_IRQHandler  stm32f1xx_hal_pcd.o
    0x08002522   0x08002522   0x00000002   PAD
    0x08002524   0x08002524   0x00000020   Code   RO          133    .text.HAL_PCD_ISOINIncompleteCallback  usbd_conf.o
    0x08002544   0x08002544   0x00000020   Code   RO          131    .text.HAL_PCD_ISOOUTIncompleteCallback  usbd_conf.o
    0x08002564   0x08002564   0x000002ae   Code   RO          416    .text.HAL_PCD_Init  stm32f1xx_hal_pcd.o
    0x08002812   0x08002812   0x00000002   PAD
    0x08002814   0x08002814   0x0000008c   Code   RO          113    .text.HAL_PCD_MspInit  usbd_conf.o
    0x080028a0   0x080028a0   0x0000003c   Code   RO          125    .text.HAL_PCD_ResetCallback  usbd_conf.o
    0x080028dc   0x080028dc   0x00000014   Code   RO          129    .text.HAL_PCD_ResumeCallback  usbd_conf.o
    0x080028f0   0x080028f0   0x00000014   Code   RO          123    .text.HAL_PCD_SOFCallback  usbd_conf.o
    0x08002904   0x08002904   0x00000060   Code   RO          462    .text.HAL_PCD_SetAddress  stm32f1xx_hal_pcd.o
    0x08002964   0x08002964   0x0000001e   Code   RO          117    .text.HAL_PCD_SetupStageCallback  usbd_conf.o
    0x08002982   0x08002982   0x00000002   PAD
    0x08002984   0x08002984   0x00000058   Code   RO          426    .text.HAL_PCD_Start  stm32f1xx_hal_pcd.o
    0x080029dc   0x080029dc   0x00000040   Code   RO          127    .text.HAL_PCD_SuspendCallback  usbd_conf.o
    0x08002a1c   0x08002a1c   0x00000312   Code   RO          716    .text.HAL_RCCEx_PeriphCLKConfig  stm32f1xx_hal_rcc_ex.o
    0x08002d2e   0x08002d2e   0x00000002   PAD
    0x08002d30   0x08002d30   0x00000258   Code   RO          682    .text.HAL_RCC_ClockConfig  stm32f1xx_hal_rcc.o
    0x08002f88   0x08002f88   0x0000000c   Code   RO          692    .text.HAL_RCC_GetHCLKFreq  stm32f1xx_hal_rcc.o
    0x08002f94   0x08002f94   0x00000022   Code   RO          694    .text.HAL_RCC_GetPCLK1Freq  stm32f1xx_hal_rcc.o
    0x08002fb6   0x08002fb6   0x00000002   PAD
    0x08002fb8   0x08002fb8   0x00000022   Code   RO          696    .text.HAL_RCC_GetPCLK2Freq  stm32f1xx_hal_rcc.o
    0x08002fda   0x08002fda   0x00000002   PAD
    0x08002fdc   0x08002fdc   0x00000166   Code   RO          684    .text.HAL_RCC_GetSysClockFreq  stm32f1xx_hal_rcc.o
    0x08003142   0x08003142   0x00000002   PAD
    0x08003144   0x08003144   0x0000080c   Code   RO          678    .text.HAL_RCC_OscConfig  stm32f1xx_hal_rcc.o
    0x08003950   0x08003950   0x00000010   Code   RO          822    .text.HAL_SYSTICK_Config  stm32f1xx_hal_cortex.o
    0x08003960   0x08003960   0x00000008   Code   RO         1417    .text.HAL_TIMEx_BreakCallback  stm32f1xx_hal_tim_ex.o
    0x08003968   0x08003968   0x00000008   Code   RO         1413    .text.HAL_TIMEx_CommutCallback  stm32f1xx_hal_tim_ex.o
    0x08003970   0x08003970   0x00000098   Code   RO         1407    .text.HAL_TIMEx_MasterConfigSynchronization  stm32f1xx_hal_tim_ex.o
    0x08003a08   0x08003a08   0x00000062   Code   RO         1107    .text.HAL_TIM_Base_Init  stm32f1xx_hal_tim.o
    0x08003a6a   0x08003a6a   0x00000002   PAD
    0x08003a6c   0x08003a6c   0x00000098   Code   RO           74    .text.HAL_TIM_Base_MspInit  tim.o
    0x08003b04   0x08003b04   0x00000038   Code   RO         1121    .text.HAL_TIM_Base_Start_IT  stm32f1xx_hal_tim.o
    0x08003b3c   0x08003b3c   0x00000008   Code   RO         1243    .text.HAL_TIM_IC_CaptureCallback  stm32f1xx_hal_tim.o
    0x08003b44   0x08003b44   0x00000282   Code   RO         1241    .text.HAL_TIM_IRQHandler  stm32f1xx_hal_tim.o
    0x08003dc6   0x08003dc6   0x00000002   PAD
    0x08003dc8   0x08003dc8   0x00000008   Code   RO         1245    .text.HAL_TIM_OC_DelayElapsedCallback  stm32f1xx_hal_tim.o
    0x08003dd0   0x08003dd0   0x00000008   Code   RO         1247    .text.HAL_TIM_PWM_PulseFinishedCallback  stm32f1xx_hal_tim.o
    0x08003dd8   0x08003dd8   0x00000062   Code   RO           11    .text.HAL_TIM_PeriodElapsedCallback  main.o
    0x08003e3a   0x08003e3a   0x00000002   PAD
    0x08003e3c   0x08003e3c   0x00000008   Code   RO         1251    .text.HAL_TIM_TriggerCallback  stm32f1xx_hal_tim.o
    0x08003e44   0x08003e44   0x000000a0   Code   RO         1429    .text.HAL_UART_Init  stm32f1xx_hal_uart.o
    0x08003ee4   0x08003ee4   0x000000b6   Code   RO           90    .text.HAL_UART_MspInit  usart.o
    0x08003f9a   0x08003f9a   0x00000002   PAD
    0x08003f9c   0x08003f9c   0x00000004   Code   RO          240    .text.HardFault_Handler  stm32f1xx_it.o
    0x08003fa0   0x08003fa0   0x00000012   Code   RO         1733    .text.IncrementOverflowTS  eventrecorder.o
    0x08003fb2   0x08003fb2   0x00000002   PAD
    0x08003fb4   0x08003fb4   0x00000012   Code   RO         1747    .text.IncrementRecordsDumped  eventrecorder.o
    0x08003fc6   0x08003fc6   0x00000002   PAD
    0x08003fc8   0x08003fc8   0x00000012   Code   RO         1745    .text.IncrementRecordsWritten  eventrecorder.o
    0x08003fda   0x08003fda   0x00000002   PAD
    0x08003fdc   0x08003fdc   0x00000078   Code   RO          201    .text.IntToUnicode  usbd_desc.o
    0x08004054   0x08004054   0x00000036   Code   RO         1741    .text.LockRecord    eventrecorder.o
    0x0800408a   0x0800408a   0x00000002   PAD
    0x0800408c   0x0800408c   0x0000006c   Code   RO           46    .text.MX_ADC1_Init  adc.o
    0x080040f8   0x080040f8   0x0000017a   Code   RO           37    .text.MX_GPIO_Init  gpio.o
    0x08004272   0x08004272   0x00000002   PAD
    0x08004274   0x08004274   0x00000060   Code   RO           70    .text.MX_TIM6_Init  tim.o
    0x080042d4   0x080042d4   0x00000062   Code   RO           72    .text.MX_TIM7_Init  tim.o
    0x08004336   0x08004336   0x00000002   PAD
    0x08004338   0x08004338   0x0000003c   Code   RO           88    .text.MX_USART2_UART_Init  usart.o
    0x08004374   0x08004374   0x0000007e   Code   RO          103    .text.MX_USB_DEVICE_Init  usb_device.o
    0x080043f2   0x080043f2   0x00000002   PAD
    0x080043f4   0x080043f4   0x00000004   Code   RO          242    .text.MemManage_Handler  stm32f1xx_it.o
    0x080043f8   0x080043f8   0x00000002   Code   RO          238    .text.NMI_Handler   stm32f1xx_it.o
    0x080043fa   0x080043fa   0x00000002   PAD
    0x080043fc   0x080043fc   0x0000006e   Code   RO          808    .text.NVIC_EncodePriority  stm32f1xx_hal_cortex.o
    0x0800446a   0x0800446a   0x00000002   PAD
    0x0800446c   0x0800446c   0x00000010   Code   RO          260    .text.OTG_FS_IRQHandler  stm32f1xx_it.o
    0x0800447c   0x0800447c   0x00000060   Code   RO          432    .text.PCD_EP_OutSetupPacket_int  stm32f1xx_hal_pcd.o
    0x080044dc   0x080044dc   0x00000090   Code   RO          430    .text.PCD_EP_OutXfrComplete_int  stm32f1xx_hal_pcd.o
    0x0800456c   0x0800456c   0x0000012a   Code   RO          436    .text.PCD_WriteEmptyTxFifo  stm32f1xx_hal_pcd.o
    0x08004696   0x08004696   0x00000002   PAD
    0x08004698   0x08004698   0x00000002   Code   RO          252    .text.PendSV_Handler  stm32f1xx_it.o
    0x0800469a   0x0800469a   0x00000002   PAD
    0x0800469c   0x0800469c   0x0000003a   Code   RO          680    .text.RCC_Delay     stm32f1xx_hal_rcc.o
    0x080046d6   0x080046d6   0x00000002   PAD
    0x080046d8   0x080046d8   0x00000002   Code   RO          248    .text.SVC_Handler   stm32f1xx_it.o
    0x080046da   0x080046da   0x00000002   PAD
    0x080046dc   0x080046dc   0x00000052   Code   RO          824    .text.SysTick_Config  stm32f1xx_hal_cortex.o
    0x0800472e   0x0800472e   0x00000002   PAD
    0x08004730   0x08004730   0x00000008   Code   RO          254    .text.SysTick_Handler  stm32f1xx_it.o
    0x08004738   0x08004738   0x000000c0   Code   RO           15    .text.SystemClock_Config  main.o
    0x080047f8   0x080047f8   0x00000074   Code   RO          301    .text.SystemInit    system_stm32f1xx.o
    0x0800486c   0x0800486c   0x00000010   Code   RO          256    .text.TIM6_IRQHandler  stm32f1xx_it.o
    0x0800487c   0x0800487c   0x00000010   Code   RO          258    .text.TIM7_IRQHandler  stm32f1xx_it.o
    0x0800488c   0x0800488c   0x00000110   Code   RO         1111    .text.TIM_Base_SetConfig  stm32f1xx_hal_tim.o
    0x0800499c   0x0800499c   0x0000010c   Code   RO         1433    .text.UART_SetConfig  stm32f1xx_hal_uart.o
    0x08004aa8   0x08004aa8   0x000000b0   Code   RO         1662    .text.USBD_CDC_DataIn  usbd_cdc.o
    0x08004b58   0x08004b58   0x00000064   Code   RO         1664    .text.USBD_CDC_DataOut  usbd_cdc.o
    0x08004bbc   0x08004bbc   0x00000088   Code   RO         1656    .text.USBD_CDC_DeInit  usbd_cdc.o
    0x08004c44   0x08004c44   0x00000052   Code   RO         1660    .text.USBD_CDC_EP0_RxReady  usbd_cdc.o
    0x08004c96   0x08004c96   0x00000002   PAD
    0x08004c98   0x08004c98   0x00000016   Code   RO         1672    .text.USBD_CDC_GetDeviceQualifierDescriptor  usbd_cdc.o
    0x08004cae   0x08004cae   0x00000002   PAD
    0x08004cb0   0x08004cb0   0x00000016   Code   RO         1668    .text.USBD_CDC_GetFSCfgDesc  usbd_cdc.o
    0x08004cc6   0x08004cc6   0x00000002   PAD
    0x08004cc8   0x08004cc8   0x00000016   Code   RO         1666    .text.USBD_CDC_GetHSCfgDesc  usbd_cdc.o
    0x08004cde   0x08004cde   0x00000002   PAD
    0x08004ce0   0x08004ce0   0x00000016   Code   RO         1670    .text.USBD_CDC_GetOtherSpeedCfgDesc  usbd_cdc.o
    0x08004cf6   0x08004cf6   0x00000002   PAD
    0x08004cf8   0x08004cf8   0x00000118   Code   RO         1654    .text.USBD_CDC_Init  usbd_cdc.o
    0x08004e10   0x08004e10   0x00000062   Code   RO         1682    .text.USBD_CDC_ReceivePacket  usbd_cdc.o
    0x08004e72   0x08004e72   0x00000002   PAD
    0x08004e74   0x08004e74   0x0000002c   Code   RO         1674    .text.USBD_CDC_RegisterInterface  usbd_cdc.o
    0x08004ea0   0x08004ea0   0x0000001c   Code   RO         1678    .text.USBD_CDC_SetRxBuffer  usbd_cdc.o
    0x08004ebc   0x08004ebc   0x0000002c   Code   RO         1676    .text.USBD_CDC_SetTxBuffer  usbd_cdc.o
    0x08004ee8   0x08004ee8   0x00000180   Code   RO         1658    .text.USBD_CDC_Setup  usbd_cdc.o
    0x08005068   0x08005068   0x0000006a   Code   RO         1680    .text.USBD_CDC_TransmitPacket  usbd_cdc.o
    0x080050d2   0x080050d2   0x00000002   PAD
    0x080050d4   0x080050d4   0x0000002c   Code   RO         1561    .text.USBD_ClrClassConfig  usbd_core.o
    0x08005100   0x08005100   0x00000040   Code   RO         1609    .text.USBD_ClrFeature  usbd_ctlreq.o
    0x08005140   0x08005140   0x00000038   Code   RO         1638    .text.USBD_CtlContinueRx  usbd_ioreq.o
    0x08005178   0x08005178   0x00000038   Code   RO         1634    .text.USBD_CtlContinueSendData  usbd_ioreq.o
    0x080051b0   0x080051b0   0x00000022   Code   RO         1611    .text.USBD_CtlError  usbd_ctlreq.o
    0x080051d2   0x080051d2   0x00000002   PAD
    0x080051d4   0x080051d4   0x00000054   Code   RO         1636    .text.USBD_CtlPrepareRx  usbd_ioreq.o
    0x08005228   0x08005228   0x00000026   Code   RO         1642    .text.USBD_CtlReceiveStatus  usbd_ioreq.o
    0x0800524e   0x0800524e   0x00000002   PAD
    0x08005250   0x08005250   0x00000050   Code   RO         1632    .text.USBD_CtlSendData  usbd_ioreq.o
    0x080052a0   0x080052a0   0x00000026   Code   RO         1640    .text.USBD_CtlSendStatus  usbd_ioreq.o
    0x080052c6   0x080052c6   0x00000002   PAD
    0x080052c8   0x080052c8   0x00000052   Code   RO          195    .text.USBD_FS_ConfigStrDescriptor  usbd_desc.o
    0x0800531a   0x0800531a   0x00000002   PAD
    0x0800531c   0x0800531c   0x0000001c   Code   RO          185    .text.USBD_FS_DeviceDescriptor  usbd_desc.o
    0x08005338   0x08005338   0x00000052   Code   RO          197    .text.USBD_FS_InterfaceStrDescriptor  usbd_desc.o
    0x0800538a   0x0800538a   0x00000002   PAD
    0x0800538c   0x0800538c   0x0000001c   Code   RO          187    .text.USBD_FS_LangIDStrDescriptor  usbd_desc.o
    0x080053a8   0x080053a8   0x00000038   Code   RO          189    .text.USBD_FS_ManufacturerStrDescriptor  usbd_desc.o
    0x080053e0   0x080053e0   0x00000052   Code   RO          191    .text.USBD_FS_ProductStrDescriptor  usbd_desc.o
    0x08005432   0x08005432   0x00000002   PAD
    0x08005434   0x08005434   0x00000024   Code   RO          193    .text.USBD_FS_SerialStrDescriptor  usbd_desc.o
    0x08005458   0x08005458   0x00000064   Code   RO         1603    .text.USBD_GetConfig  usbd_ctlreq.o
    0x080054bc   0x080054bc   0x00000332   Code   RO         1597    .text.USBD_GetDescriptor  usbd_ctlreq.o
    0x080057ee   0x080057ee   0x00000002   PAD
    0x080057f0   0x080057f0   0x00000030   Code   RO         1621    .text.USBD_GetLen   usbd_ctlreq.o
    0x08005820   0x08005820   0x00000064   Code   RO         1605    .text.USBD_GetStatus  usbd_ctlreq.o
    0x08005884   0x08005884   0x00000084   Code   RO         1619    .text.USBD_GetString  usbd_ctlreq.o
    0x08005908   0x08005908   0x00000054   Code   RO          143    .text.USBD_Get_USB_Status  usbd_conf.o
    0x0800595c   0x0800595c   0x0000006c   Code   RO         1547    .text.USBD_Init     usbd_core.o
    0x080059c8   0x080059c8   0x0000003e   Code   RO          157    .text.USBD_LL_ClearStallEP  usbd_conf.o
    0x08005a06   0x08005a06   0x00000002   PAD
    0x08005a08   0x08005a08   0x0000003e   Code   RO          151    .text.USBD_LL_CloseEP  usbd_conf.o
    0x08005a46   0x08005a46   0x00000002   PAD
    0x08005a48   0x08005a48   0x00000180   Code   RO         1567    .text.USBD_LL_DataInStage  usbd_core.o
    0x08005bc8   0x08005bc8   0x0000010e   Code   RO         1565    .text.USBD_LL_DataOutStage  usbd_core.o
    0x08005cd6   0x08005cd6   0x00000002   PAD
    0x08005cd8   0x08005cd8   0x0000000a   Code   RO         1583    .text.USBD_LL_DevConnected  usbd_core.o
    0x08005ce2   0x08005ce2   0x00000002   PAD
    0x08005ce4   0x08005ce4   0x0000002a   Code   RO         1585    .text.USBD_LL_DevDisconnected  usbd_core.o
    0x08005d0e   0x08005d0e   0x00000002   PAD
    0x08005d10   0x08005d10   0x00000020   Code   RO          167    .text.USBD_LL_GetRxDataSize  usbd_conf.o
    0x08005d30   0x08005d30   0x00000084   Code   RO          139    .text.USBD_LL_Init  usbd_conf.o
    0x08005db4   0x08005db4   0x0000005e   Code   RO          159    .text.USBD_LL_IsStallEP  usbd_conf.o
    0x08005e12   0x08005e12   0x00000002   PAD
    0x08005e14   0x08005e14   0x00000010   Code   RO         1579    .text.USBD_LL_IsoINIncomplete  usbd_core.o
    0x08005e24   0x08005e24   0x00000010   Code   RO         1581    .text.USBD_LL_IsoOUTIncomplete  usbd_core.o
    0x08005e34   0x08005e34   0x0000005a   Code   RO          149    .text.USBD_LL_OpenEP  usbd_conf.o
    0x08005e8e   0x08005e8e   0x00000002   PAD
    0x08005e90   0x08005e90   0x00000052   Code   RO          165    .text.USBD_LL_PrepareReceive  usbd_conf.o
    0x08005ee2   0x08005ee2   0x00000002   PAD
    0x08005ee4   0x08005ee4   0x00000090   Code   RO         1569    .text.USBD_LL_Reset  usbd_core.o
    0x08005f74   0x08005f74   0x00000022   Code   RO         1575    .text.USBD_LL_Resume  usbd_core.o
    0x08005f96   0x08005f96   0x00000002   PAD
    0x08005f98   0x08005f98   0x00000034   Code   RO         1577    .text.USBD_LL_SOF   usbd_core.o
    0x08005fcc   0x08005fcc   0x00000018   Code   RO         1571    .text.USBD_LL_SetSpeed  usbd_core.o
    0x08005fe4   0x08005fe4   0x0000003e   Code   RO          161    .text.USBD_LL_SetUSBAddress  usbd_conf.o
    0x08006022   0x08006022   0x00000002   PAD
    0x08006024   0x08006024   0x00000084   Code   RO         1563    .text.USBD_LL_SetupStage  usbd_core.o
    0x080060a8   0x080060a8   0x0000003e   Code   RO          155    .text.USBD_LL_StallEP  usbd_conf.o
    0x080060e6   0x080060e6   0x00000002   PAD
    0x080060e8   0x080060e8   0x00000032   Code   RO          145    .text.USBD_LL_Start  usbd_conf.o
    0x0800611a   0x0800611a   0x00000002   PAD
    0x0800611c   0x0800611c   0x0000001c   Code   RO         1573    .text.USBD_LL_Suspend  usbd_core.o
    0x08006138   0x08006138   0x00000052   Code   RO          163    .text.USBD_LL_Transmit  usbd_conf.o
    0x0800618a   0x0800618a   0x00000002   PAD
    0x0800618c   0x0800618c   0x00000044   Code   RO         1617    .text.USBD_ParseSetupRequest  usbd_ctlreq.o
    0x080061d0   0x080061d0   0x00000034   Code   RO         1551    .text.USBD_RegisterClass  usbd_core.o
    0x08006204   0x08006204   0x0000000a   Code   RO         1557    .text.USBD_RunTestMode  usbd_core.o
    0x0800620e   0x0800620e   0x00000002   PAD
    0x08006210   0x08006210   0x00000096   Code   RO         1599    .text.USBD_SetAddress  usbd_ctlreq.o
    0x080062a6   0x080062a6   0x00000002   PAD
    0x080062a8   0x080062a8   0x0000004a   Code   RO         1559    .text.USBD_SetClassConfig  usbd_core.o
    0x080062f2   0x080062f2   0x00000002   PAD
    0x080062f4   0x080062f4   0x00000150   Code   RO         1601    .text.USBD_SetConfig  usbd_ctlreq.o
    0x08006444   0x08006444   0x00000026   Code   RO         1607    .text.USBD_SetFeature  usbd_ctlreq.o
    0x0800646a   0x0800646a   0x00000002   PAD
    0x0800646c   0x0800646c   0x00000016   Code   RO         1553    .text.USBD_Start    usbd_core.o
    0x08006482   0x08006482   0x00000002   PAD
    0x08006484   0x08006484   0x000000c4   Code   RO         1595    .text.USBD_StdDevReq  usbd_ctlreq.o
    0x08006548   0x08006548   0x00000368   Code   RO         1615    .text.USBD_StdEPReq  usbd_ctlreq.o
    0x080068b0   0x080068b0   0x000000a4   Code   RO         1613    .text.USBD_StdItfReq  usbd_ctlreq.o
    0x08006954   0x08006954   0x00000008   Code   RO          173    .text.USBD_static_free  usbd_conf.o
    0x0800695c   0x0800695c   0x00000010   Code   RO          171    .text.USBD_static_malloc  usbd_conf.o
    0x0800696c   0x0800696c   0x000000e0   Code   RO          532    .text.USB_ActivateEndpoint  stm32f1xx_ll_usb.o
    0x08006a4c   0x08006a4c   0x0000002c   Code   RO          574    .text.USB_ActivateSetup  stm32f1xx_ll_usb.o
    0x08006a78   0x08006a78   0x000000d8   Code   RO          510    .text.USB_CoreInit  stm32f1xx_ll_usb.o
    0x08006b50   0x08006b50   0x0000007e   Code   RO          512    .text.USB_CoreReset  stm32f1xx_ll_usb.o
    0x08006bce   0x08006bce   0x00000002   PAD
    0x08006bd0   0x08006bd0   0x000000d0   Code   RO          536    .text.USB_DeactivateEndpoint  stm32f1xx_ll_usb.o
    0x08006ca0   0x08006ca0   0x00000024   Code   RO          556    .text.USB_DevConnect  stm32f1xx_ll_usb.o
    0x08006cc4   0x08006cc4   0x00000024   Code   RO          558    .text.USB_DevDisconnect  stm32f1xx_ll_usb.o
    0x08006ce8   0x08006ce8   0x00000276   Code   RO          522    .text.USB_DevInit   stm32f1xx_ll_usb.o
    0x08006f5e   0x08006f5e   0x00000002   PAD
    0x08006f60   0x08006f60   0x00000014   Code   RO          518    .text.USB_DisableGlobalInt  stm32f1xx_ll_usb.o
    0x08006f74   0x08006f74   0x0000018e   Code   RO          544    .text.USB_EP0StartXfer  stm32f1xx_ll_usb.o
    0x08007102   0x08007102   0x00000002   PAD
    0x08007104   0x08007104   0x00000078   Code   RO          576    .text.USB_EP0_OutStart  stm32f1xx_ll_usb.o
    0x0800717c   0x0800717c   0x000000a0   Code   RO          550    .text.USB_EPClearStall  stm32f1xx_ll_usb.o
    0x0800721c   0x0800721c   0x000000b0   Code   RO          548    .text.USB_EPSetStall  stm32f1xx_ll_usb.o
    0x080072cc   0x080072cc   0x000002ba   Code   RO          540    .text.USB_EPStartXfer  stm32f1xx_ll_usb.o
    0x08007586   0x08007586   0x00000002   PAD
    0x08007588   0x08007588   0x00000014   Code   RO          516    .text.USB_EnableGlobalInt  stm32f1xx_ll_usb.o
    0x0800759c   0x0800759c   0x0000004c   Code   RO          528    .text.USB_FlushRxFifo  stm32f1xx_ll_usb.o
    0x080075e8   0x080075e8   0x00000052   Code   RO          526    .text.USB_FlushTxFifo  stm32f1xx_ll_usb.o
    0x0800763a   0x0800763a   0x00000002   PAD
    0x0800763c   0x0800763c   0x0000003c   Code   RO          530    .text.USB_GetDevSpeed  stm32f1xx_ll_usb.o
    0x08007678   0x08007678   0x00000010   Code   RO          572    .text.USB_GetMode   stm32f1xx_ll_usb.o
    0x08007688   0x08007688   0x00000024   Code   RO          564    .text.USB_ReadDevAllInEpInterrupt  stm32f1xx_ll_usb.o
    0x080076ac   0x080076ac   0x00000024   Code   RO          562    .text.USB_ReadDevAllOutEpInterrupt  stm32f1xx_ll_usb.o
    0x080076d0   0x080076d0   0x00000050   Code   RO          568    .text.USB_ReadDevInEPInterrupt  stm32f1xx_ll_usb.o
    0x08007720   0x08007720   0x00000030   Code   RO          566    .text.USB_ReadDevOutEPInterrupt  stm32f1xx_ll_usb.o
    0x08007750   0x08007750   0x0000001a   Code   RO          560    .text.USB_ReadInterrupts  stm32f1xx_ll_usb.o
    0x0800776a   0x0800776a   0x00000002   PAD
    0x0800776c   0x0800776c   0x00000050   Code   RO          546    .text.USB_ReadPacket  stm32f1xx_ll_usb.o
    0x080077bc   0x080077bc   0x00000062   Code   RO          520    .text.USB_SetCurrentMode  stm32f1xx_ll_usb.o
    0x0800781e   0x0800781e   0x00000002   PAD
    0x08007820   0x08007820   0x00000038   Code   RO          554    .text.USB_SetDevAddress  stm32f1xx_ll_usb.o
    0x08007858   0x08007858   0x00000024   Code   RO          524    .text.USB_SetDevSpeed  stm32f1xx_ll_usb.o
    0x0800787c   0x0800787c   0x000001ac   Code   RO          514    .text.USB_SetTurnaroundTime  stm32f1xx_ll_usb.o
    0x08007a28   0x08007a28   0x00000060   Code   RO          542    .text.USB_WritePacket  stm32f1xx_ll_usb.o
    0x08007a88   0x08007a88   0x00000032   Code   RO         1743    .text.UnlockRecord  eventrecorder.o
    0x08007aba   0x08007aba   0x00000002   PAD
    0x08007abc   0x08007abc   0x0000001a   Code   RO         1731    .text.UpdateTS      eventrecorder.o
    0x08007ad6   0x08007ad6   0x00000002   PAD
    0x08007ad8   0x08007ad8   0x00000004   Code   RO          246    .text.UsageFault_Handler  stm32f1xx_it.o
    0x08007adc   0x08007adc   0x00000034   Code   RO          812    .text.__NVIC_EnableIRQ  stm32f1xx_hal_cortex.o
    0x08007b10   0x08007b10   0x00000010   Code   RO          804    .text.__NVIC_GetPriorityGrouping  stm32f1xx_hal_cortex.o
    0x08007b20   0x08007b20   0x00000044   Code   RO          806    .text.__NVIC_SetPriority  stm32f1xx_hal_cortex.o
    0x08007b64   0x08007b64   0x0000003c   Code   RO          800    .text.__NVIC_SetPriorityGrouping  stm32f1xx_hal_cortex.o
    0x08007ba0   0x08007ba0   0x00000020   Code   RO         1737    .text.atomic_inc32  eventrecorder.o
    0x08007bc0   0x08007bc0   0x00000024   Code   RO         1749    .text.atomic_inc8   eventrecorder.o
    0x08007be4   0x08007be4   0x00000020   Code   RO         1735    .text.atomic_xch32  eventrecorder.o
    0x08007c04   0x08007c04   0x00000158   Code   RO           23    .text.common_btn_evt_cb  main.o
    0x08007d5c   0x08007d5c   0x0000007a   Code   RO           21    .text.common_btn_read  main.o
    0x08007dd6   0x08007dd6   0x00000002   PAD
    0x08007dd8   0x08007dd8   0x00000086   Code   RO         1705    .text.crc16_ccitt   eventrecorder.o
    0x08007e5e   0x08007e5e   0x00000002   PAD
    0x08007e60   0x08007e60   0x0000000c   Code   RO          281    .text.flex_button_event_read  flexible_button.o
    0x08007e6c   0x08007e6c   0x00000310   Code   RO          287    .text.flex_button_process  flexible_button.o
    0x0800817c   0x0800817c   0x00000094   Code   RO          285    .text.flex_button_read  flexible_button.o
    0x08008210   0x08008210   0x000000b2   Code   RO          279    .text.flex_button_register  flexible_button.o
    0x080082c2   0x080082c2   0x00000002   PAD
    0x080082c4   0x080082c4   0x0000000c   Code   RO          283    .text.flex_button_scan  flexible_button.o
    0x080082d0   0x080082d0   0x00000030   Code   RO         1761    .text.fputc         retarget_io.o
    0x08008300   0x08008300   0x00000090   Code   RO           13    .text.main          main.o
    0x08008390   0x08008390   0x0000007e   Code   RO         1763    .text.stdout_putchar  retarget_io.o
    0x0800840e   0x0800840e   0x00000002   PAD
    0x08008410   0x08008410   0x000000a4   Code   RO           17    .text.user_button_init  main.o
    0x080084b4   0x080084b4   0x00000020   Code   RO         1801    i.__0printf         mc_w.l(printfa.o)
    0x080084d4   0x080084d4   0x0000000e   Code   RO         1867    i.__scatterload_copy  mc_w.l(handlers.o)
    0x080084e2   0x080084e2   0x00000002   Code   RO         1868    i.__scatterload_null  mc_w.l(handlers.o)
    0x080084e4   0x080084e4   0x0000000e   Code   RO         1869    i.__scatterload_zeroinit  mc_w.l(handlers.o)
    0x080084f2   0x080084f2   0x00000002   PAD
    0x080084f4   0x080084f4   0x00000184   Code   RO         1808    i._fp_digits        mc_w.l(printfa.o)
    0x08008678   0x08008678   0x000006dc   Code   RO         1809    i._printf_core      mc_w.l(printfa.o)
    0x08008d54   0x08008d54   0x00000024   Code   RO         1810    i._printf_post_padding  mc_w.l(printfa.o)
    0x08008d78   0x08008d78   0x0000002e   Code   RO         1811    i._printf_pre_padding  mc_w.l(printfa.o)
    0x08008da6   0x08008da6   0x00000010   Data   RO          306    .rodata.AHBPrescTable  system_stm32f1xx.o
    0x08008db6   0x08008db6   0x00000008   Data   RO          307    .rodata.APBPrescTable  system_stm32f1xx.o
    0x08008dbe   0x08008dbe   0x00000002   PAD
    0x08008dc0   0x08008dc0   0x00000018   Data   RO         1752    .rodata.EventRecorderInfo  eventrecorder.o
    0x08008dd8   0x08008dd8   0x0000014a   Data   RO           27    .rodata.str1.1      main.o
    0x08008f22   0x08008f22   0x00000042   Data   RO          207    .rodata.str1.1      usbd_desc.o
    0x08008f64   0x08008f64   0x00000020   Data   RO         1866    Region$$Table       anon$$obj.o


    Execution Region RW_IRAM1 (Exec base: 0x20000000, Load base: 0x08008fc0, Size: 0x00001e58, Max: 0x00010000, ABSOLUTE, COMPRESSED[0x00000100])

    Exec Addr    Load Addr    Size         Type   Attr      Idx    E Section Name        Object

    0x20000000   COMPRESSED   0x00000004   Data   RW         1790    .data               mc_w.l(stdout.o)
    0x20000004   COMPRESSED   0x0000001c   Data   RW          203    .data.FS_Desc       usbd_desc.o
    0x20000020   COMPRESSED   0x00000004   Data   RW          305    .data.SystemCoreClock  system_stm32f1xx.o
    0x20000024   COMPRESSED   0x00000038   Data   RW         1684    .data.USBD_CDC      usbd_cdc.o
    0x2000005c   COMPRESSED   0x00000043   Data   RW         1686    .data.USBD_CDC_CfgFSDesc  usbd_cdc.o
    0x2000009f   COMPRESSED   0x00000001   PAD
    0x200000a0   COMPRESSED   0x00000043   Data   RW         1685    .data.USBD_CDC_CfgHSDesc  usbd_cdc.o
    0x200000e3   COMPRESSED   0x00000001   PAD
    0x200000e4   COMPRESSED   0x0000000a   Data   RW         1688    .data.USBD_CDC_DeviceQualifierDesc  usbd_cdc.o
    0x200000ee   COMPRESSED   0x00000002   PAD
    0x200000f0   COMPRESSED   0x00000043   Data   RW         1687    .data.USBD_CDC_OtherSpeedCfgDesc  usbd_cdc.o
    0x20000133   COMPRESSED   0x00000001   PAD
    0x20000134   COMPRESSED   0x00000012   Data   RW          204    .data.USBD_FS_DeviceDesc  usbd_desc.o
    0x20000146   COMPRESSED   0x00000002   PAD
    0x20000148   COMPRESSED   0x00000010   Data   RW          227    .data.USBD_Interface_fops_FS  usbd_cdc_if.o
    0x20000158   COMPRESSED   0x00000004   Data   RW          205    .data.USBD_LangIDDesc  usbd_desc.o
    0x2000015c   COMPRESSED   0x0000001a   Data   RW          206    .data.USBD_StringSerial  usbd_desc.o
    0x20000176   COMPRESSED   0x00000001   Data   RW          666    .data.uwTickFreq    stm32f1xx_hal.o
    0x20000177   COMPRESSED   0x00000001   PAD
    0x20000178   COMPRESSED   0x00000004   Data   RW          665    .data.uwTickPrio    stm32f1xx_hal.o
    0x2000017c   COMPRESSED   0x00000004   PAD
    0x20000180        -       0x00000001   Zero   RW           26    .bss.HAL_TIM_PeriodElapsedCallback.timer  main.o
    0x20000181        -       0x00000001   Zero   RW         1623    .bss.USBD_SetConfig.cfgidx  usbd_ctlreq.o
    0x20000182   COMPRESSED   0x00000002   PAD
    0x20000184        -       0x00000200   Zero   RW          208    .bss.USBD_StrDesc   usbd_desc.o
    0x20000384        -       0x00000220   Zero   RW          176    .bss.USBD_static_malloc.mem  usbd_conf.o
    0x200005a4        -       0x000003e8   Zero   RW          228    .bss.UserRxBufferFS  usbd_cdc_if.o
    0x2000098c        -       0x000003e8   Zero   RW          229    .bss.UserTxBufferFS  usbd_cdc_if.o
    0x20000d74        -       0x00000004   Zero   RW          291    .bss.btn_head       flexible_button.o
    0x20000d78        -       0x00000001   Zero   RW          292    .bss.button_cnt     flexible_button.o
    0x20000d79   COMPRESSED   0x00000003   PAD
    0x20000d7c        -       0x00000004   Zero   RW          290    .bss.g_btn_status_reg  flexible_button.o
    0x20000d80        -       0x00000004   Zero   RW          289    .bss.g_logic_level  flexible_button.o
    0x20000d84        -       0x000002c4   Zero   RW          105    .bss.hUsbDeviceFS   usb_device.o
    0x20001048        -       0x00000030   Zero   RW           52    .bss.hadc1          adc.o
    0x20001078        -       0x00000400   Zero   RW          175    .bss.hpcd_USB_OTG_FS  usbd_conf.o
    0x20001478        -       0x00000040   Zero   RW           78    .bss.htim6          tim.o
    0x200014b8        -       0x00000040   Zero   RW           79    .bss.htim7          tim.o
    0x200014f8        -       0x00000040   Zero   RW           94    .bss.huart2         usart.o
    0x20001538   COMPRESSED   0x00000008   PAD
    0x20001540        -       0x000004a4   Zero   RW         1751    .bss.noinit         eventrecorder.o
    0x200019e4        -       0x00000008   Zero   RW         1775    .bss.stdout_putchar.buffer  retarget_io.o
    0x200019ec        -       0x00000004   Zero   RW         1774    .bss.stdout_putchar.index  retarget_io.o
    0x200019f0        -       0x00000004   Zero   RW           25    .bss.u_main         main.o
    0x200019f4        -       0x00000060   Zero   RW           28    .bss.user_button    main.o
    0x20001a54        -       0x00000004   Zero   RW          667    .bss.uwTick         stm32f1xx_hal.o
    0x20001a58        -       0x00000400   Zero   RW            1    STACK               startup_stm32f107xc.o


==============================================================================

Image component sizes


      Code (inc. data)   RO Data    RW Data    ZI Data      Debug   Object Name

       230          0          0          0         48       3905   adc.o
      2008          0         24          0       1188       8483   eventrecorder.o
      1134          0          0          0         13       3423   flexible_button.o
       378          0          0          0          0       1636   gpio.o
      1066          0        330          0        101       7032   main.o
       174          0          0          0         12       1966   retarget_io.o
        36          8        336          0       1024        764   startup_stm32f107xc.o
       266          0          0          5          4       5927   stm32f1xx_hal.o
      1104          0          0          0          0       9241   stm32f1xx_hal_adc.o
       508          0          0          0          0       7872   stm32f1xx_hal_cortex.o
       914          0          0          0          0       4229   stm32f1xx_hal_gpio.o
       100          0          0          0          0       1194   stm32f1xx_hal_msp.o
      4018          0          0          0          0      12225   stm32f1xx_hal_pcd.o
       188          0          0          0          0       3984   stm32f1xx_hal_pcd_ex.o
      3156          0          0          0          0       8298   stm32f1xx_hal_rcc.o
       786          0          0          0          0       5381   stm32f1xx_hal_rcc_ex.o
      1100          0          0          0          0      31167   stm32f1xx_hal_tim.o
       168          0          0          0          0      12430   stm32f1xx_hal_tim_ex.o
       428          0          0          0          0      15199   stm32f1xx_hal_uart.o
        80          0          0          0          0       1269   stm32f1xx_it.o
      4366          0          0          0          0      17150   stm32f1xx_ll_usb.o
       116          0         24          4          0       2278   system_stm32f1xx.o
       346          0          0          0        128       5590   tim.o
       242          0          0          0         64       4163   usart.o
       126          0          0          0        708       2791   usb_device.o
      1566          0          0        267          0       9065   usbd_cdc.o
       322         36          0         16       2000       2329   usbd_cdc_if.o
      1462          4          0          0       1568      12998   usbd_conf.o
      1462          0          0          0          0       6577   usbd_core.o
      3120         30          0          0          1       7488   usbd_ctlreq.o
       612          0         66         76        512       3051   usbd_desc.o
       352          0          0          0          0       3864   usbd_ioreq.o

    ----------------------------------------------------------------------
     32116         78        814        376       7388     222969   Object Totals
         0          0         32          0          0          0   (incl. Generated)
       182          0          2          8         17          0   (incl. Padding)

    ----------------------------------------------------------------------

      Code (inc. data)   RO Data    RW Data    ZI Data      Debug   Library Member Name

        86          0          0          0          0          0   __dczerorl2.o
         0          0          0          0          0          0   entry.o
         0          0          0          0          0          0   entry10a.o
         0          0          0          0          0          0   entry11a.o
         8          4          0          0          0          0   entry2.o
         4          0          0          0          0          0   entry5.o
         0          0          0          0          0          0   entry7b.o
         0          0          0          0          0          0   entry8b.o
         8          4          0          0          0          0   entry9a.o
        30          0          0          0          0          0   handlers.o
        36          8          0          0          0         68   init.o
         0          0          0          0          0          0   iusefp.o
        30          0          0          0          0         68   llshl.o
        36          0          0          0          0         68   llsshr.o
        32          0          0          0          0         68   llushr.o
        36          0          0          0          0         68   memcpya.o
        36          0          0          0          0        108   memseta.o
      2258         90          0          0          0        452   printfa.o
         0          0          0          4          0          0   stdout.o
        44          0          0          0          0         80   uidiv.o
        98          0          0          0          0         92   uldiv.o
        48          0          0          0          0         68   cdrcmple.o
       334          0          0          0          0        148   dadd.o
       222          0          0          0          0        100   ddiv.o
       186          0          0          0          0        176   depilogue.o
        48          0          0          0          0         68   dfixul.o
       228          0          0          0          0         96   dmul.o

    ----------------------------------------------------------------------
      3810        106          0          4          0       1728   Library Totals
         2          0          0          0          0          0   (incl. Padding)

    ----------------------------------------------------------------------

      Code (inc. data)   RO Data    RW Data    ZI Data      Debug   Library Name

      2742        106          0          4          0       1072   mc_w.l
      1066          0          0          0          0        656   mf_w.l

    ----------------------------------------------------------------------
      3810        106          0          4          0       1728   Library Totals

    ----------------------------------------------------------------------

==============================================================================


      Code (inc. data)   RO Data    RW Data    ZI Data      Debug   

     35926        184        814        380       7388     223565   Grand Totals
     35926        184        814        256       7388     223565   ELF Image Totals (compressed)
     35926        184        814        256          0          0   ROM Totals

==============================================================================

    Total RO  Size (Code + RO Data)                36740 (  35.88kB)
    Total RW  Size (RW Data + ZI Data)              7768 (   7.59kB)
    Total ROM Size (Code + RO Data + RW Data)      36996 (  36.13kB)

==============================================================================

